Archive member included to satisfy reference by file (symbol)

c:/program files (x86)/atmel/studio/7.0/toolchain/arm/arm-gnu-toolchain/bin/../lib/gcc/arm-none-eabi/6.3.1/thumb/v8-m.base\libgcc.a(_aeabi_uldivmod.o)
                              hpl/sercom/hpl_sercom.o (__aeabi_uldivmod)
c:/program files (x86)/atmel/studio/7.0/toolchain/arm/arm-gnu-toolchain/bin/../lib/gcc/arm-none-eabi/6.3.1/thumb/v8-m.base\libgcc.a(_muldi3.o)
                              hpl/sercom/hpl_sercom.o (__aeabi_lmul)
c:/program files (x86)/atmel/studio/7.0/toolchain/arm/arm-gnu-toolchain/bin/../lib/gcc/arm-none-eabi/6.3.1/thumb/v8-m.base\libgcc.a(_ffssi2.o)
                              hpl/eic/hpl_eic.o (__ffssi2)
c:/program files (x86)/atmel/studio/7.0/toolchain/arm/arm-gnu-toolchain/bin/../lib/gcc/arm-none-eabi/6.3.1/thumb/v8-m.base\libgcc.a(_fixunsdfsi.o)
                              hpl/sercom/hpl_sercom.o (__aeabi_d2uiz)
c:/program files (x86)/atmel/studio/7.0/toolchain/arm/arm-gnu-toolchain/bin/../lib/gcc/arm-none-eabi/6.3.1/thumb/v8-m.base\libgcc.a(_udivmoddi4.o)
                              c:/program files (x86)/atmel/studio/7.0/toolchain/arm/arm-gnu-toolchain/bin/../lib/gcc/arm-none-eabi/6.3.1/thumb/v8-m.base\libgcc.a(_aeabi_uldivmod.o) (__udivmoddi4)
c:/program files (x86)/atmel/studio/7.0/toolchain/arm/arm-gnu-toolchain/bin/../lib/gcc/arm-none-eabi/6.3.1/thumb/v8-m.base\libgcc.a(divdf3.o)
                              hpl/sercom/hpl_sercom.o (__aeabi_ddiv)
c:/program files (x86)/atmel/studio/7.0/toolchain/arm/arm-gnu-toolchain/bin/../lib/gcc/arm-none-eabi/6.3.1/thumb/v8-m.base\libgcc.a(muldf3.o)
                              hpl/sercom/hpl_sercom.o (__aeabi_dmul)
c:/program files (x86)/atmel/studio/7.0/toolchain/arm/arm-gnu-toolchain/bin/../lib/gcc/arm-none-eabi/6.3.1/thumb/v8-m.base\libgcc.a(subdf3.o)
                              hpl/sercom/hpl_sercom.o (__aeabi_dsub)
c:/program files (x86)/atmel/studio/7.0/toolchain/arm/arm-gnu-toolchain/bin/../lib/gcc/arm-none-eabi/6.3.1/thumb/v8-m.base\libgcc.a(fixdfsi.o)
                              c:/program files (x86)/atmel/studio/7.0/toolchain/arm/arm-gnu-toolchain/bin/../lib/gcc/arm-none-eabi/6.3.1/thumb/v8-m.base\libgcc.a(_fixunsdfsi.o) (__aeabi_d2iz)
c:/program files (x86)/atmel/studio/7.0/toolchain/arm/arm-gnu-toolchain/bin/../lib/gcc/arm-none-eabi/6.3.1/thumb/v8-m.base\libgcc.a(floatsidf.o)
                              hpl/sercom/hpl_sercom.o (__aeabi_i2d)
c:/program files (x86)/atmel/studio/7.0/toolchain/arm/arm-gnu-toolchain/bin/../lib/gcc/arm-none-eabi/6.3.1/thumb/v8-m.base\libgcc.a(floatunsidf.o)
                              hpl/sercom/hpl_sercom.o (__aeabi_ui2d)
c:/program files (x86)/atmel/studio/7.0/toolchain/arm/arm-gnu-toolchain/bin/../lib/gcc/arm-none-eabi/6.3.1/thumb/v8-m.base\libgcc.a(_dvmd_tls.o)
                              c:/program files (x86)/atmel/studio/7.0/toolchain/arm/arm-gnu-toolchain/bin/../lib/gcc/arm-none-eabi/6.3.1/thumb/v8-m.base\libgcc.a(_aeabi_uldivmod.o) (__aeabi_ldiv0)
c:/program files (x86)/atmel/studio/7.0/toolchain/arm/arm-gnu-toolchain/bin/../lib/gcc/arm-none-eabi/6.3.1/thumb/v8-m.base\libgcc.a(_arm_cmpdf2.o)
                              c:/program files (x86)/atmel/studio/7.0/toolchain/arm/arm-gnu-toolchain/bin/../lib/gcc/arm-none-eabi/6.3.1/thumb/v8-m.base\libgcc.a(_fixunsdfsi.o) (__aeabi_dcmpge)
c:/program files (x86)/atmel/studio/7.0/toolchain/arm/arm-gnu-toolchain/bin/../lib/gcc/arm-none-eabi/6.3.1/thumb/v8-m.base\libgcc.a(_clzsi2.o)
                              c:/program files (x86)/atmel/studio/7.0/toolchain/arm/arm-gnu-toolchain/bin/../lib/gcc/arm-none-eabi/6.3.1/thumb/v8-m.base\libgcc.a(_udivmoddi4.o) (__clzsi2)
c:/program files (x86)/atmel/studio/7.0/toolchain/arm/arm-gnu-toolchain/bin/../lib/gcc/arm-none-eabi/6.3.1/thumb/v8-m.base\libgcc.a(_ctzsi2.o)
                              c:/program files (x86)/atmel/studio/7.0/toolchain/arm/arm-gnu-toolchain/bin/../lib/gcc/arm-none-eabi/6.3.1/thumb/v8-m.base\libgcc.a(_ffssi2.o) (__ctzsi2)
c:/program files (x86)/atmel/studio/7.0/toolchain/arm/arm-gnu-toolchain/bin/../lib/gcc/arm-none-eabi/6.3.1/thumb/v8-m.base\libgcc.a(eqdf2.o)
                              c:/program files (x86)/atmel/studio/7.0/toolchain/arm/arm-gnu-toolchain/bin/../lib/gcc/arm-none-eabi/6.3.1/thumb/v8-m.base\libgcc.a(_arm_cmpdf2.o) (__eqdf2)
c:/program files (x86)/atmel/studio/7.0/toolchain/arm/arm-gnu-toolchain/bin/../lib/gcc/arm-none-eabi/6.3.1/thumb/v8-m.base\libgcc.a(gedf2.o)
                              c:/program files (x86)/atmel/studio/7.0/toolchain/arm/arm-gnu-toolchain/bin/../lib/gcc/arm-none-eabi/6.3.1/thumb/v8-m.base\libgcc.a(_arm_cmpdf2.o) (__gedf2)
c:/program files (x86)/atmel/studio/7.0/toolchain/arm/arm-gnu-toolchain/bin/../lib/gcc/arm-none-eabi/6.3.1/thumb/v8-m.base\libgcc.a(ledf2.o)
                              c:/program files (x86)/atmel/studio/7.0/toolchain/arm/arm-gnu-toolchain/bin/../lib/gcc/arm-none-eabi/6.3.1/thumb/v8-m.base\libgcc.a(_arm_cmpdf2.o) (__ledf2)
[...]
Memory Configuration

Name             Origin             Length             Attributes
rom              0x00000000         0x0000fb00         xr
rom_nsc          0x0000fb00         0x00000400         xr
ram              0x20000000         0x00003f80         xrw
userrow          0x00804000         0x00000100         rw
*default*        0x00000000         0xffffffff

Linker script and memory map

LOAD c:/program files (x86)/atmel/studio/7.0/toolchain/arm/arm-gnu-toolchain/bin/../lib/gcc/arm-none-eabi/6.3.1/thumb/v8-m.base/crti.o
LOAD c:/program files (x86)/atmel/studio/7.0/toolchain/arm/arm-gnu-toolchain/bin/../lib/gcc/arm-none-eabi/6.3.1/thumb/v8-m.base/crtbegin.o
LOAD c:/program files (x86)/atmel/studio/7.0/toolchain/arm/arm-gnu-toolchain/bin/../lib/gcc/arm-none-eabi/6.3.1/../../../../arm-none-eabi/lib/thumb/v8-m.base/crt0.o
LOAD atmel_start.o
LOAD Device_Startup/startup_saml11e16a.o
LOAD Device_Startup/system_saml11e16a.o
LOAD driver_init.o
LOAD examples/driver_examples.o
LOAD hal/src/hal_adc_async.o
LOAD hal/src/hal_atomic.o
LOAD hal/src/hal_delay.o
LOAD hal/src/hal_evsys.o
LOAD hal/src/hal_ext_irq.o
LOAD hal/src/hal_gpio.o
LOAD hal/src/hal_i2c_m_sync.o
LOAD hal/src/hal_init.o
LOAD hal/src/hal_io.o
LOAD hal/src/hal_rand_sync.o
LOAD hal/src/hal_sleep.o
LOAD hal/src/hal_spi_m_sync.o
LOAD hal/src/hal_timer.o
LOAD hal/src/hal_usart_sync.o
LOAD hal/utils/src/utils_assert.o
LOAD hal/utils/src/utils_event.o
LOAD hal/utils/src/utils_list.o
LOAD hal/utils/src/utils_ringbuffer.o
LOAD hal/utils/src/utils_syscalls.o
LOAD hpl/adc/hpl_adc.o
LOAD hpl/core/hpl_core_m23_base.o
LOAD hpl/core/hpl_init.o
LOAD hpl/dmac/hpl_dmac.o
LOAD hpl/eic/hpl_eic.o
LOAD hpl/gclk/evsys/hpl_evsys.o
LOAD hpl/gclk/hpl_gclk.o
LOAD hpl/mclk/hpl_mclk.o
LOAD hpl/osc32kctrl/hpl_osc32kctrl.o
LOAD hpl/oscctrl/hpl_oscctrl.o
LOAD hpl/pm/hpl_pm.o
LOAD hpl/rtc/rtc_lite.o
LOAD hpl/sercom/hpl_sercom.o
LOAD hpl/tc/hpl_tc.o
LOAD hpl/trng/hpl_trng.o
LOAD main.o
LOAD trustzone/trustzone_manager.o
LOAD trustzone/trustzone_veneer.o
START GROUP
LOAD c:/program files (x86)/atmel/studio/7.0/toolchain/arm/arm-gnu-toolchain/bin/../lib/gcc/arm-none-eabi/6.3.1/../../../../arm-none-eabi/lib/thumb/v8-m.base\libm.a
END GROUP
START GROUP
LOAD c:/program files (x86)/atmel/studio/7.0/toolchain/arm/arm-gnu-toolchain/bin/../lib/gcc/arm-none-eabi/6.3.1/thumb/v8-m.base\libgcc.a
LOAD c:/program files (x86)/atmel/studio/7.0/toolchain/arm/arm-gnu-toolchain/bin/../lib/gcc/arm-none-eabi/6.3.1/../../../../arm-none-eabi/lib/thumb/v8-m.base\libc_nano.a
END GROUP
START GROUP
LOAD c:/program files (x86)/atmel/studio/7.0/toolchain/arm/arm-gnu-toolchain/bin/../lib/gcc/arm-none-eabi/6.3.1/thumb/v8-m.base\libgcc.a
LOAD c:/program files (x86)/atmel/studio/7.0/toolchain/arm/arm-gnu-toolchain/bin/../lib/gcc/arm-none-eabi/6.3.1/../../../../arm-none-eabi/lib/thumb/v8-m.base\libc_nano.a
END GROUP
LOAD c:/program files (x86)/atmel/studio/7.0/toolchain/arm/arm-gnu-toolchain/bin/../lib/gcc/arm-none-eabi/6.3.1/thumb/v8-m.base/crtend.o
LOAD c:/program files (x86)/atmel/studio/7.0/toolchain/arm/arm-gnu-toolchain/bin/../lib/gcc/arm-none-eabi/6.3.1/thumb/v8-m.base/crtn.o
                0x00000400                STACK_SIZE = DEFINED (STACK_SIZE)?STACK_SIZE:DEFINED (__stack_size__)?__stack_size__:0x400
                0x00000200                HEAP_SIZE = DEFINED (HEAP_SIZE)?HEAP_SIZE:DEFINED (__heap_size__)?__heap_size__:0x200

.text           0x00000000     0x32d4
                0x00000000                . = ALIGN (0x4)
                0x00000000                _sfixed = .
 *(.vectors .vectors.*)
 .vectors       0x00000000       0xf4 Device_Startup/startup_saml11e16a.o
                0x00000000                exception_table
 *trustzone_veneer.o(.text.*)
 .text.nsc_periph_clock_init
                0x000000f4       0x32 trustzone/trustzone_veneer.o
                0x000000f4                __acle_se_nsc_periph_clock_init
 .text.nsc_ext_irq_init
                0x00000126       0xec trustzone/trustzone_veneer.o
                0x00000126                __acle_se_nsc_ext_irq_init
 *(.text .text.* .gnu.linkonce.t.*)
 *fill*         0x00000212        0x2 
 .text          0x00000214       0x6c c:/program files (x86)/atmel/studio/7.0/toolchain/arm/arm-gnu-toolchain/bin/../lib/gcc/arm-none-eabi/6.3.1/thumb/v8-m.base/crtbegin.o
 .text.atmel_start_init
                0x00000280       0x2c atmel_start.o
                0x00000280                atmel_start_init
 .text.Dummy_Handler
                0x000002ac        0x2 Device_Startup/startup_saml11e16a.o
                0x000002ac                SVCall_Handler
                0x000002ac                SERCOM0_2_Handler
                0x000002ac                EVSYS_0_Handler
                0x000002ac                TRNG_Handler
                0x000002ac                HardFault_Handler
                0x000002ac                TC2_Handler
                0x000002ac                AC_Handler
                0x000002ac                SysTick_Handler
                0x000002ac                PendSV_Handler
                0x000002ac                EVSYS_3_Handler
                0x000002ac                NonMaskableInt_Handler
                0x000002ac                SERCOM0_OTHER_Handler
                0x000002ac                EIC_3_Handler
                0x000002ac                SERCOM0_0_Handler
                0x000002ac                SERCOM1_OTHER_Handler
                0x000002ac                EVSYS_1_Handler
                0x000002ac                WDT_Handler
                0x000002ac                TRAM_Handler
                0x000002ac                EVSYS_NSCHK_Handler
                0x000002ac                TC1_Handler
                0x000002ac                DAC_EMPTY_Handler
                0x000002ac                PAC_Handler
                0x000002ac                EIC_0_Handler
                0x000002ac                Dummy_Handler
                0x000002ac                SERCOM0_1_Handler
                0x000002ac                SERCOM1_1_Handler
                0x000002ac                EIC_2_Handler
                0x000002ac                NVMCTRL_Handler
                0x000002ac                PORT_Handler
                0x000002ac                SYSTEM_Handler
                0x000002ac                SERCOM1_0_Handler
                0x000002ac                SERCOM2_1_Handler
                0x000002ac                SERCOM1_2_Handler
                0x000002ac                EIC_1_Handler
                0x000002ac                SERCOM2_2_Handler
                0x000002ac                PTC_Handler
                0x000002ac                EVSYS_2_Handler
                0x000002ac                SERCOM2_OTHER_Handler
                0x000002ac                FREQM_Handler
                0x000002ac                DAC_UNDERRUN_A_Handler
                0x000002ac                SERCOM2_0_Handler
 *fill*         0x000002ae        0x2 
 .text.Reset_Handler
                0x000002b0       0xc4 Device_Startup/startup_saml11e16a.o
                0x000002b0                Reset_Handler
 .text.ADC_0_init
                0x00000374       0xae driver_init.o
                0x00000374                ADC_0_init
 .text.RAND_0_CLOCK_init
                0x00000422       0x14 driver_init.o
                0x00000422                RAND_0_CLOCK_init
 .text.RAND_0_init
                0x00000436       0x28 driver_init.o
                0x00000436                RAND_0_init
 .text.RTC_CLOCK_init
                0x0000045e       0x14 driver_init.o
                0x0000045e                RTC_CLOCK_init
 .text.SPI_0_PORT_init
                0x00000472       0xac driver_init.o
                0x00000472                SPI_0_PORT_init
 .text.SPI_0_CLOCK_init
                0x0000051e       0x24 driver_init.o
                0x0000051e                SPI_0_CLOCK_init
 .text.SPI_0_init
                0x00000542       0x32 driver_init.o
                0x00000542                SPI_0_init
 .text.I2C_0_PORT_init
                0x00000574       0x52 driver_init.o
                0x00000574                I2C_0_PORT_init
 .text.I2C_0_CLOCK_init
                0x000005c6       0x26 driver_init.o
                0x000005c6                I2C_0_CLOCK_init
 .text.I2C_0_init
                0x000005ec       0x32 driver_init.o
                0x000005ec                I2C_0_init
 .text.USART_0_PORT_init
                0x0000061e       0x44 driver_init.o
                0x0000061e                USART_0_PORT_init
 .text.USART_0_CLOCK_init
                0x00000662       0x26 driver_init.o
                0x00000662                USART_0_CLOCK_init
 .text.USART_0_init
                0x00000688       0x34 driver_init.o
                0x00000688                USART_0_init
 .text.EVENT_SYSTEM_0_init
                0x000006bc       0x2c driver_init.o
                0x000006bc                EVENT_SYSTEM_0_init
 .text.EXTERNAL_IRQ_0_init
                0x000006e8       0x78 driver_init.o
                0x000006e8                EXTERNAL_IRQ_0_init
 .text.system_init
                0x00000760       0xd8 driver_init.o
                0x00000760                system_init
 .text.adc_async_window_threshold_reached
                0x00000838        0xa hal/src/hal_adc_async.o
 .text.adc_async_error_occured
                0x00000842        0xa hal/src/hal_adc_async.o
 .text.adc_async_channel_conversion_done
                0x0000084c       0x66 hal/src/hal_adc_async.o
 .text.adc_async_init
                0x000008b2       0xb4 hal/src/hal_adc_async.o
                0x000008b2                adc_async_init
 .text.adc_async_register_channel_buffer
                0x00000966       0xb2 hal/src/hal_adc_async.o
                0x00000966                adc_async_register_channel_buffer
 .text.adc_async_enable_channel
                0x00000a18       0x46 hal/src/hal_adc_async.o
                0x00000a18                adc_async_enable_channel
 .text.adc_async_start_conversion
                0x00000a5e       0x2e hal/src/hal_adc_async.o
                0x00000a5e                adc_async_start_conversion
 .text.event_system_init
                0x00000a8c        0xe hal/src/hal_evsys.o
                0x00000a8c                event_system_init
 .text.process_ext_irq
                0x00000a9a       0x3c hal/src/hal_ext_irq.o
 .text.ext_irq_init
                0x00000ad6       0x28 hal/src/hal_ext_irq.o
                0x00000ad6                ext_irq_init
 .text.ext_irq_register
                0x00000afe       0x5c hal/src/hal_ext_irq.o
                0x00000afe                ext_irq_register
 *fill*         0x00000b5a        0x2 
 .text.i2c_m_sync_write
                0x00000b5c       0x30 hal/src/hal_i2c_m_sync.o
 .text.i2c_m_sync_read
                0x00000b8c       0x30 hal/src/hal_i2c_m_sync.o
 .text.i2c_m_sync_init
                0x00000bbc       0x46 hal/src/hal_i2c_m_sync.o
                0x00000bbc                i2c_m_sync_init
 .text.io_write
                0x00000c02       0x36 hal/src/hal_io.o
                0x00000c02                io_write
 .text.rand_sync_init
                0x00000c38       0x30 hal/src/hal_rand_sync.o
                0x00000c38                rand_sync_init
 .text.spi_m_sync_init
                0x00000c68       0x5c hal/src/hal_spi_m_sync.o
                0x00000c68                spi_m_sync_init
 .text.spi_m_sync_enable
                0x00000cc4       0x2c hal/src/hal_spi_m_sync.o
                0x00000cc4                spi_m_sync_enable
 .text.spi_m_sync_transfer
                0x00000cf0       0x4a hal/src/hal_spi_m_sync.o
                0x00000cf0                spi_m_sync_transfer
 .text._spi_m_sync_io_write
                0x00000d3a       0x40 hal/src/hal_spi_m_sync.o
 .text._spi_m_sync_io_read
                0x00000d7a       0x40 hal/src/hal_spi_m_sync.o
 .text.spi_m_sync_get_io_descriptor
                0x00000dba       0x30 hal/src/hal_spi_m_sync.o
                0x00000dba                spi_m_sync_get_io_descriptor
 .text.timer_add_timer_task
                0x00000dea       0x74 hal/src/hal_timer.o
 .text.timer_process_counted
                0x00000e5e       0x90 hal/src/hal_timer.o
 .text.timer_init
                0x00000eee       0x48 hal/src/hal_timer.o
                0x00000eee                timer_init
 .text.usart_sync_write
                0x00000f36       0x8a hal/src/hal_usart_sync.o
 .text.usart_sync_read
                0x00000fc0       0x6a hal/src/hal_usart_sync.o
 .text.usart_sync_init
                0x0000102a       0x50 hal/src/hal_usart_sync.o
                0x0000102a                usart_sync_init
 .text.assert   0x0000107a        0x6 hal/utils/src/utils_assert.o
                0x0000107a                assert
 .text.is_list_element
                0x00001080       0x20 hal/utils/src/utils_list.o
                0x00001080                is_list_element
 .text.list_insert_as_head
                0x000010a0       0x32 hal/utils/src/utils_list.o
                0x000010a0                list_insert_as_head
 .text.list_insert_after
                0x000010d2        0x8 hal/utils/src/utils_list.o
                0x000010d2                list_insert_after
 .text.list_remove_head
                0x000010da        0xc hal/utils/src/utils_list.o
                0x000010da                list_remove_head
 .text.ringbuffer_init
                0x000010e6       0x5e hal/utils/src/utils_ringbuffer.o
                0x000010e6                ringbuffer_init
 .text.ringbuffer_put
                0x00001144       0x42 hal/utils/src/utils_ringbuffer.o
                0x00001144                ringbuffer_put
 .text._adc_interrupt_handler
                0x00001186       0x40 hpl/adc/hpl_adc.o
 .text._adc_get_regs
                0x000011c6        0x4 hpl/adc/hpl_adc.o
 .text._adc_init
                0x000011ca      0x1bc hpl/adc/hpl_adc.o
 .text._adc_async_init
                0x00001386       0x88 hpl/adc/hpl_adc.o
                0x00001386                _adc_async_init
 .text._adc_async_enable_channel
                0x0000140e       0x14 hpl/adc/hpl_adc.o
                0x0000140e                _adc_async_enable_channel
 .text._adc_async_get_data_size
                0x00001422       0x12 hpl/adc/hpl_adc.o
                0x00001422                _adc_async_get_data_size
 .text._adc_async_convert
                0x00001434       0x16 hpl/adc/hpl_adc.o
                0x00001434                _adc_async_convert
 .text.ADC_OTHER_Handler
                0x0000144a       0x18 hpl/adc/hpl_adc.o
                0x0000144a                ADC_OTHER_Handler
 .text.ADC_RESRDY_Handler
                0x00001462       0x18 hpl/adc/hpl_adc.o
                0x00001462                ADC_RESRDY_Handler
 .text._init_chip
                0x0000147a       0x6a hpl/core/hpl_init.o
                0x0000147a                _init_chip
 .text._dma_init
                0x000014e4      0x116 hpl/dmac/hpl_dmac.o
                0x000014e4                _dma_init
 .text._dma_set_irq_state
                0x000015fa       0x58 hpl/dmac/hpl_dmac.o
                0x000015fa                _dma_set_irq_state
 .text._dma_set_destination_address
                0x00001652       0x14 hpl/dmac/hpl_dmac.o
                0x00001652                _dma_set_destination_address
 .text._dma_set_source_address
                0x00001666       0x14 hpl/dmac/hpl_dmac.o
                0x00001666                _dma_set_source_address
 .text._dma_set_next_descriptor
                0x0000167a       0x18 hpl/dmac/hpl_dmac.o
                0x0000167a                _dma_set_next_descriptor
 .text._dma_set_data_amount
                0x00001692       0x72 hpl/dmac/hpl_dmac.o
                0x00001692                _dma_set_data_amount
 .text._dma_enable_transaction
                0x00001704       0x42 hpl/dmac/hpl_dmac.o
                0x00001704                _dma_enable_transaction
 .text._dma_get_channel_resource
                0x00001746       0x1a hpl/dmac/hpl_dmac.o
                0x00001746                _dma_get_channel_resource
 .text.DMAC_0_Handler
                0x00001760       0x72 hpl/dmac/hpl_dmac.o
                0x00001760                DMAC_0_Handler
 .text.DMAC_1_Handler
                0x000017d2       0x72 hpl/dmac/hpl_dmac.o
                0x000017d2                DMAC_1_Handler
 .text.DMAC_2_Handler
                0x00001844       0x72 hpl/dmac/hpl_dmac.o
                0x00001844                DMAC_2_Handler
 .text.DMAC_3_Handler
                0x000018b6       0x72 hpl/dmac/hpl_dmac.o
                0x000018b6                DMAC_3_Handler
 .text.DMAC_OTHER_Handler
                0x00001928       0x72 hpl/dmac/hpl_dmac.o
                0x00001928                DMAC_OTHER_Handler
 .text._ext_irq_init
                0x0000199a      0x108 hpl/eic/hpl_eic.o
                0x0000199a                _ext_irq_init
 .text._ext_irq_enable
                0x00001aa2       0x2e hpl/eic/hpl_eic.o
                0x00001aa2                _ext_irq_enable
 .text.EIC_OTHER_Handler
                0x00001ad0       0xf6 hpl/eic/hpl_eic.o
                0x00001ad0                EIC_OTHER_Handler
 .text._event_system_init
                0x00001bc6       0x6a hpl/gclk/evsys/hpl_evsys.o
                0x00001bc6                _event_system_init
 .text._gclk_init_generators_by_fref
                0x00001c30       0x4e hpl/gclk/hpl_gclk.o
                0x00001c30                _gclk_init_generators_by_fref
 .text._mclk_init
                0x00001c7e        0xe hpl/mclk/hpl_mclk.o
                0x00001c7e                _mclk_init
 .text._osc32kctrl_init_sources
                0x00001c8c       0x18 hpl/osc32kctrl/hpl_osc32kctrl.o
                0x00001c8c                _osc32kctrl_init_sources
 .text._oscctrl_init_sources
                0x00001ca4       0x2e hpl/oscctrl/hpl_oscctrl.o
                0x00001ca4                _oscctrl_init_sources
 .text._oscctrl_init_referenced_generators
                0x00001cd2        0x2 hpl/oscctrl/hpl_oscctrl.o
                0x00001cd2                _oscctrl_init_referenced_generators
 .text._set_performance_level
                0x00001cd4       0x3a hpl/pm/hpl_pm.o
                0x00001cd4                _set_performance_level
 .text.RTC_init
                0x00001d0e       0xfa hpl/rtc/rtc_lite.o
                0x00001d0e                RTC_init
 .text._sercom_get_hardware_index
                0x00001e08       0x3a hpl/sercom/hpl_sercom.o
 .text._spi_sync_enable
                0x00001e42       0x20 hpl/sercom/hpl_sercom.o
 *fill*         0x00001e62        0x2 
 .text._usart_init
                0x00001e64       0xa4 hpl/sercom/hpl_sercom.o
 .text._get_i2cm_index
                0x00001f08       0x32 hpl/sercom/hpl_sercom.o
 *fill*         0x00001f3a        0x2 
 .text._i2c_m_sync_init_impl
                0x00001f3c      0x100 hpl/sercom/hpl_sercom.o
 .text._usart_sync_init
                0x0000203c       0x30 hpl/sercom/hpl_sercom.o
                0x0000203c                _usart_sync_init
 .text._usart_sync_write_byte
                0x0000206c        0x8 hpl/sercom/hpl_sercom.o
                0x0000206c                _usart_sync_write_byte
 .text._usart_sync_read_byte
                0x00002074        0x8 hpl/sercom/hpl_sercom.o
                0x00002074                _usart_sync_read_byte
 .text._usart_sync_is_ready_to_send
                0x0000207c        0xa hpl/sercom/hpl_sercom.o
                0x0000207c                _usart_sync_is_ready_to_send
 .text._usart_sync_is_transmit_done
                0x00002086        0xa hpl/sercom/hpl_sercom.o
                0x00002086                _usart_sync_is_transmit_done
 .text._usart_sync_is_byte_received
                0x00002090        0xa hpl/sercom/hpl_sercom.o
                0x00002090                _usart_sync_is_byte_received
 .text._i2c_m_sync_init
                0x0000209a       0x34 hpl/sercom/hpl_sercom.o
                0x0000209a                _i2c_m_sync_init
 *fill*         0x000020ce        0x2 
 .text._i2c_m_sync_transfer
                0x000020d0      0x534 hpl/sercom/hpl_sercom.o
                0x000020d0                _i2c_m_sync_transfer
 .text._spi_m_sync_init
                0x00002604      0x128 hpl/sercom/hpl_sercom.o
                0x00002604                _spi_m_sync_init
 .text._spi_m_sync_enable
                0x0000272c       0x36 hpl/sercom/hpl_sercom.o
                0x0000272c                _spi_m_sync_enable
 .text._spi_m_sync_trans
                0x00002762      0x10e hpl/sercom/hpl_sercom.o
                0x00002762                _spi_m_sync_trans
 .text.get_tc_index
                0x00002870       0x30 hpl/tc/hpl_tc.o
 .text._timer_init
                0x000028a0      0x216 hpl/tc/hpl_tc.o
                0x000028a0                _timer_init
 .text._tc_get_timer
                0x00002ab6        0x4 hpl/tc/hpl_tc.o
                0x00002ab6                _tc_get_timer
 .text.TC0_Handler
                0x00002aba       0x20 hpl/tc/hpl_tc.o
                0x00002aba                TC0_Handler
 .text._rand_sync_init
                0x00002ada       0x4e hpl/trng/hpl_trng.o
                0x00002ada                _rand_sync_init
 .text.button_on_PA27_used
                0x00002b28        0xe main.o
 .text.Enter_Mode_Standby
                0x00002b36       0x26 main.o
 .text.rtc_reconfig_Interrupts
                0x00002b5c       0xa0 main.o
 .text.dmac_channel_0_callback
                0x00002bfc        0xe main.o
                0x00002bfc                dmac_channel_0_callback
 .text.RTC_Handler
                0x00002c0a       0x24 main.o
                0x00002c0a                RTC_Handler
 .text.EXTERNAL_IRQ_0_enable
                0x00002c2e       0x18 main.o
                0x00002c2e                EXTERNAL_IRQ_0_enable
 .text.Light_sensor_to_data_streammer
                0x00002c46       0x48 main.o
                0x00002c46                Light_sensor_to_data_streammer
 .text.optimize_Low_Power
                0x00002c8e       0x48 main.o
                0x00002c8e                optimize_Low_Power
 .text.config_dma_channel_0
                0x00002cd6       0x96 main.o
                0x00002cd6                config_dma_channel_0
 .text.main     0x00002d6c      0x25a main.o
                0x00002d6c                main
 *fill*         0x00002fc6        0x2 
 .text          0x00002fc8       0x10 c:/program files (x86)/atmel/studio/7.0/toolchain/arm/arm-gnu-toolchain/bin/../lib/gcc/arm-none-eabi/6.3.1/thumb/v8-m.base\libgcc.a(_ffssi2.o)
                0x00002fc8                __ffssi2
 .text          0x00002fd8       0x40 c:/program files (x86)/atmel/studio/7.0/toolchain/arm/arm-gnu-toolchain/bin/../lib/gcc/arm-none-eabi/6.3.1/thumb/v8-m.base\libgcc.a(_ctzsi2.o)
                0x00002fd8                __ctzsi2
 .text.__libc_init_array
                0x00003018       0x50 c:/program files (x86)/atmel/studio/7.0/toolchain/arm/arm-gnu-toolchain/bin/../lib/gcc/arm-none-eabi/6.3.1/../../../../arm-none-eabi/lib/thumb/v8-m.base\libc_nano.a(lib_a-init.o)
                0x00003018                __libc_init_array
 *(.glue_7t)
 .glue_7t       0x00003068        0x0 linker stubs
 *(.glue_7)
 .glue_7        0x00003068        0x0 linker stubs
 *(.rodata .rodata* .gnu.linkonce.r.*)
 .rodata.str1.4
                0x00003068       0x1b hal/src/hal_adc_async.o
 *fill*         0x00003083        0x1 
 .rodata.str1.4
                0x00003084       0x1c hal/src/hal_i2c_m_sync.o
 .rodata.str1.4
                0x000030a0       0x14 hal/src/hal_io.o
 .rodata.str1.4
                0x000030b4       0x1b hal/src/hal_rand_sync.o
 *fill*         0x000030cf        0x1 
 .rodata.str1.4
                0x000030d0       0x1c hal/src/hal_spi_m_sync.o
 .rodata.str1.4
                0x000030ec       0x17 hal/src/hal_timer.o
 *fill*         0x00003103        0x1 
 .rodata.str1.4
                0x00003104       0x1c hal/src/hal_usart_sync.o
 .rodata.str1.4
                0x00003120       0x1e hal/utils/src/utils_list.o
 *fill*         0x0000313e        0x2 
 .rodata.str1.4
                0x00003140       0x24 hal/utils/src/utils_ringbuffer.o
 .rodata        0x00003164       0x1c hpl/adc/hpl_adc.o
 .rodata.str1.4
                0x00003180       0x15 hpl/adc/hpl_adc.o
 *fill*         0x00003195        0x3 
 .rodata        0x00003198       0x60 hpl/dmac/hpl_dmac.o
 .rodata        0x000031f8        0x8 hpl/eic/hpl_eic.o
 .rodata.str1.4
                0x00003200       0x15 hpl/eic/hpl_eic.o
 *fill*         0x00003215        0x3 
 .rodata        0x00003218       0x17 hpl/gclk/evsys/hpl_evsys.o
 *fill*         0x0000322f        0x1 
 .rodata        0x00003230       0x24 hpl/sercom/hpl_sercom.o
 .rodata.str1.4
                0x00003254       0x1b hpl/sercom/hpl_sercom.o
 *fill*         0x0000326f        0x1 
 .rodata        0x00003270       0x18 hpl/tc/hpl_tc.o
 .rodata.str1.4
                0x00003288       0x13 hpl/tc/hpl_tc.o
 *fill*         0x0000329b        0x1 
 .rodata.str1.4
                0x0000329c       0x18 hpl/trng/hpl_trng.o
                                 0x17 (size before relaxing)
 *(.ARM.extab* .gnu.linkonce.armextab.*)
                0x000032b4                . = ALIGN (0x4)
 *(.init)
 .init          0x000032b4        0x4 c:/program files (x86)/atmel/studio/7.0/toolchain/arm/arm-gnu-toolchain/bin/../lib/gcc/arm-none-eabi/6.3.1/thumb/v8-m.base/crti.o
                0x000032b4                _init
 .init          0x000032b8        0x8 c:/program files (x86)/atmel/studio/7.0/toolchain/arm/arm-gnu-toolchain/bin/../lib/gcc/arm-none-eabi/6.3.1/thumb/v8-m.base/crtn.o
                0x000032c0                . = ALIGN (0x4)
                0x000032c0                __preinit_array_start = .
 *(.preinit_array)
                0x000032c0                __preinit_array_end = .
                0x000032c0                . = ALIGN (0x4)
                0x000032c0                __init_array_start = .
 *(SORT(.init_array.*))
 *(.init_array)
 .init_array    0x000032c0        0x4 c:/program files (x86)/atmel/studio/7.0/toolchain/arm/arm-gnu-toolchain/bin/../lib/gcc/arm-none-eabi/6.3.1/thumb/v8-m.base/crtbegin.o
                0x000032c4                __init_array_end = .
                0x000032c4                . = ALIGN (0x4)
 *crtbegin.o(.ctors)
 *(EXCLUDE_FILE(*crtend.o) .ctors)
 *(SORT(.ctors.*))
 *crtend.o(.ctors)
                0x000032c4                . = ALIGN (0x4)
 *(.fini)
 .fini          0x000032c4        0x4 c:/program files (x86)/atmel/studio/7.0/toolchain/arm/arm-gnu-toolchain/bin/../lib/gcc/arm-none-eabi/6.3.1/thumb/v8-m.base/crti.o
                0x000032c4                _fini
 .fini          0x000032c8        0x8 c:/program files (x86)/atmel/studio/7.0/toolchain/arm/arm-gnu-toolchain/bin/../lib/gcc/arm-none-eabi/6.3.1/thumb/v8-m.base/crtn.o
                0x000032d0                . = ALIGN (0x4)
                0x000032d0                __fini_array_start = .
 *(.fini_array)
 .fini_array    0x000032d0        0x4 c:/program files (x86)/atmel/studio/7.0/toolchain/arm/arm-gnu-toolchain/bin/../lib/gcc/arm-none-eabi/6.3.1/thumb/v8-m.base/crtbegin.o
 *(SORT(.fini_array.*))
                0x000032d4                __fini_array_end = .
 *crtbegin.o(.dtors)
 *(EXCLUDE_FILE(*crtend.o) .dtors)
 *(SORT(.dtors.*))
 *crtend.o(.dtors)
                0x000032d4                . = ALIGN (0x4)
                0x000032d4                _efixed = .
                [!provide]                PROVIDE (__exidx_start, .)

.vfp11_veneer   0x000032d4        0x0
 .vfp11_veneer  0x000032d4        0x0 linker stubs

.v4_bx          0x000032d4        0x0
 .v4_bx         0x000032d4        0x0 linker stubs

.iplt           0x000032d4        0x0
 .iplt          0x000032d4        0x0 c:/program files (x86)/atmel/studio/7.0/toolchain/arm/arm-gnu-toolchain/bin/../lib/gcc/arm-none-eabi/6.3.1/thumb/v8-m.base/crtbegin.o

.rel.dyn        0x000032d4        0x0
 .rel.iplt      0x000032d4        0x0 c:/program files (x86)/atmel/studio/7.0/toolchain/arm/arm-gnu-toolchain/bin/../lib/gcc/arm-none-eabi/6.3.1/thumb/v8-m.base/crtbegin.o

.ARM.exidx
 *(.ARM.exidx* .gnu.linkonce.armexidx.*)
                [!provide]                PROVIDE (__exidx_end, .)
                0x000032d4                . = ALIGN (0x4)
                0x000032d4                _etext = .
                0x000032d4                . = ALIGN (0x4)

.gnu.sgstubs    0x0000fb00       0x20
                0x0000fb00                _ssgstubs = .
 .gnu.sgstubs.__stub
                0x0000fb00       0x10 linker stubs
                0x0000fb00                nsc_ext_irq_init
                0x0000fb08                nsc_periph_clock_init

.relocate       0x20000000        0x8 load address 0x000032d4
                0x20000000                . = ALIGN (0x4)
                0x20000000                _srelocate = .
 *(.ramfunc .ramfunc.*)
 *(.data .data.*)
 .data          0x20000000        0x5 main.o
                0x20000000                DataStream_buf
                0x20000004                read_light_sensor
                0x20000008                . = ALIGN (0x4)
 *fill*         0x20000005        0x3 
                0x20000008                _erelocate = .

.bss            0x20000010      0x264 load address 0x000032f0
                0x20000010                . = ALIGN (0x4)
                0x20000010                _sbss = .
                0x20000010                _szero = .
 *(.bss .bss.*)
 .bss           0x20000010       0x1c c:/program files (x86)/atmel/studio/7.0/toolchain/arm/arm-gnu-toolchain/bin/../lib/gcc/arm-none-eabi/6.3.1/thumb/v8-m.base/crtbegin.o
 .bss           0x2000002c       0x14 driver_init.o
 .bss           0x20000040        0x8 hal/src/hal_ext_irq.o
 .bss           0x20000048        0x4 hpl/adc/hpl_adc.o
 .bss           0x2000004c       0x60 hpl/dmac/hpl_dmac.o
 .bss           0x200000ac        0x4 hpl/eic/hpl_eic.o
 .bss           0x200000b0        0x4 hpl/tc/hpl_tc.o
 .bss           0x200000b4        0xd main.o
                0x200000b4                SW0_flag
                0x200000b5                DMA_Flag
                0x200000bc                app_mode
                0x200000c0                led0_state
 *(COMMON)
 *fill*         0x200000c1        0x3 
 COMMON         0x200000c4       0xac driver_init.o
                0x200000c4                RAND_0
                0x200000cc                ADC_0
                0x200000f8                ADC_0_ch
                0x20000110                SPI_0
                0x20000128                USART_0
                0x20000134                I2C_0
                0x20000154                TIMER_0
 COMMON         0x20000170      0x100 hpl/dmac/hpl_dmac.o
                0x20000170                _descriptor_section
                0x200001f0                _write_back_section
 COMMON         0x20000270        0x2 main.o
                0x20000270                adc_result_store
                0x20000274                . = ALIGN (0x4)
 *fill*         0x20000272        0x2 
                0x20000274                _ebss = .
                0x20000274                _ezero = .

.heap           0x20000274      0x204 load address 0x00003554
                0x20000278                . = ALIGN (0x8)
 *fill*         0x20000274        0x4 
                0x20000278                _sheap = .
                0x20000478                . = (. + HEAP_SIZE)
 *fill*         0x20000278      0x200 
                0x20000478                . = ALIGN (0x8)
                0x20000478                _eheap = .

.stack          0x20000478      0x400 load address 0x00003758
                0x20000478                . = ALIGN (0x8)
                0x20000478                _sstack = .
                0x20000878                . = (. + STACK_SIZE)
 *fill*         0x20000478      0x400 
                0x20000878                . = ALIGN (0x8)
                0x20000878                _estack = .
                0x20000878                . = ALIGN (0x4)
                0x20000878                _end = .
                0x20003f7f                _ram_end_ = ((ORIGIN (ram) + LENGTH (ram)) - 0x1)

.userRowBlock   0x00804000       0x20
 *(.userrowsec)
 .userrowsec    0x00804000       0x20 trustzone/trustzone_manager.o
                0x00804000                nvm_user_row
OUTPUT(ATSAML11E16A.elf elf32-littlearm)

.eh_frame       0x00804020        0x0
 .eh_frame      0x00804020        0x0 c:/program files (x86)/atmel/studio/7.0/toolchain/arm/arm-gnu-toolchain/bin/../lib/gcc/arm-none-eabi/6.3.1/thumb/v8-m.base/crtbegin.o

.jcr            0x00804020        0x0
 .jcr           0x00804020        0x0 c:/program files (x86)/atmel/studio/7.0/toolchain/arm/arm-gnu-toolchain/bin/../lib/gcc/arm-none-eabi/6.3.1/thumb/v8-m.base/crtbegin.o

.igot.plt       0x000032d4        0x0 load address 0x00804020
 .igot.plt      0x000032d4        0x0 c:/program files (x86)/atmel/studio/7.0/toolchain/arm/arm-gnu-toolchain/bin/../lib/gcc/arm-none-eabi/6.3.1/thumb/v8-m.base/crtbegin.o

.ARM.attributes
                0x00000000       0x2c
 .ARM.attributes
                0x00000000       0x22 c:/program files (x86)/atmel/studio/7.0/toolchain/arm/arm-gnu-toolchain/bin/../lib/gcc/arm-none-eabi/6.3.1/thumb/v8-m.base/crti.o
 .ARM.attributes
                0x00000022       0x30 c:/program files (x86)/atmel/studio/7.0/toolchain/arm/arm-gnu-toolchain/bin/../lib/gcc/arm-none-eabi/6.3.1/thumb/v8-m.base/crtbegin.o
 .ARM.attributes
                0x00000052       0x32 atmel_start.o
 .ARM.attributes
                0x00000084       0x32 Device_Startup/startup_saml11e16a.o
 .ARM.attributes
                0x000000b6       0x32 driver_init.o
 .ARM.attributes
                0x000000e8       0x32 hal/src/hal_adc_async.o
 .ARM.attributes
                0x0000011a       0x32 hal/src/hal_evsys.o
 .ARM.attributes
                0x0000014c       0x32 hal/src/hal_ext_irq.o
 .ARM.attributes
                0x0000017e       0x32 hal/src/hal_i2c_m_sync.o
 .ARM.attributes
                0x000001b0       0x32 hal/src/hal_io.o
 .ARM.attributes
                0x000001e2       0x32 hal/src/hal_rand_sync.o
 .ARM.attributes
                0x00000214       0x32 hal/src/hal_spi_m_sync.o
 .ARM.attributes
                0x00000246       0x32 hal/src/hal_timer.o
 .ARM.attributes
                0x00000278       0x32 hal/src/hal_usart_sync.o
 .ARM.attributes
                0x000002aa       0x32 hal/utils/src/utils_assert.o
 .ARM.attributes
                0x000002dc       0x32 hal/utils/src/utils_list.o
 .ARM.attributes
                0x0000030e       0x32 hal/utils/src/utils_ringbuffer.o
 .ARM.attributes
                0x00000340       0x32 hpl/adc/hpl_adc.o
 .ARM.attributes
                0x00000372       0x32 hpl/core/hpl_init.o
 .ARM.attributes
                0x000003a4       0x32 hpl/dmac/hpl_dmac.o
 .ARM.attributes
                0x000003d6       0x32 hpl/eic/hpl_eic.o
 .ARM.attributes
                0x00000408       0x32 hpl/gclk/evsys/hpl_evsys.o
 .ARM.attributes
                0x0000043a       0x32 hpl/gclk/hpl_gclk.o
 .ARM.attributes
                0x0000046c       0x32 hpl/mclk/hpl_mclk.o
 .ARM.attributes
                0x0000049e       0x32 hpl/osc32kctrl/hpl_osc32kctrl.o
 .ARM.attributes
                0x000004d0       0x32 hpl/oscctrl/hpl_oscctrl.o
 .ARM.attributes
                0x00000502       0x32 hpl/pm/hpl_pm.o
 .ARM.attributes
                0x00000534       0x32 hpl/rtc/rtc_lite.o
 .ARM.attributes
                0x00000566       0x32 hpl/sercom/hpl_sercom.o
 .ARM.attributes
                0x00000598       0x32 hpl/tc/hpl_tc.o
 .ARM.attributes
                0x000005ca       0x32 hpl/trng/hpl_trng.o
 .ARM.attributes
                0x000005fc       0x32 main.o
 .ARM.attributes
                0x0000062e       0x32 trustzone/trustzone_manager.o
 .ARM.attributes
                0x00000660       0x32 trustzone/trustzone_veneer.o
 .ARM.attributes
                0x00000692       0x30 c:/program files (x86)/atmel/studio/7.0/toolchain/arm/arm-gnu-toolchain/bin/../lib/gcc/arm-none-eabi/6.3.1/thumb/v8-m.base\libgcc.a(_ffssi2.o)
 .ARM.attributes
                0x000006c2       0x22 c:/program files (x86)/atmel/studio/7.0/toolchain/arm/arm-gnu-toolchain/bin/../lib/gcc/arm-none-eabi/6.3.1/thumb/v8-m.base\libgcc.a(_ctzsi2.o)
 .ARM.attributes
                0x000006e4       0x30 c:/program files (x86)/atmel/studio/7.0/toolchain/arm/arm-gnu-toolchain/bin/../lib/gcc/arm-none-eabi/6.3.1/../../../../arm-none-eabi/lib/thumb/v8-m.base\libc_nano.a(lib_a-init.o)
 .ARM.attributes
                0x00000714       0x22 c:/program files (x86)/atmel/studio/7.0/toolchain/arm/arm-gnu-toolchain/bin/../lib/gcc/arm-none-eabi/6.3.1/thumb/v8-m.base/crtn.o

.comment        0x00000000       0x59
 .comment       0x00000000       0x59 atmel_start.o
                                 0x5a (size before relaxing)
 .comment       0x00000059       0x5a Device_Startup/startup_saml11e16a.o
 .comment       0x00000059       0x5a driver_init.o
 .comment       0x00000059       0x5a hal/src/hal_adc_async.o
 .comment       0x00000059       0x5a hal/src/hal_evsys.o
 .comment       0x00000059       0x5a hal/src/hal_ext_irq.o
 .comment       0x00000059       0x5a hal/src/hal_i2c_m_sync.o
 .comment       0x00000059       0x5a hal/src/hal_io.o
 .comment       0x00000059       0x5a hal/src/hal_rand_sync.o
 .comment       0x00000059       0x5a hal/src/hal_spi_m_sync.o
 .comment       0x00000059       0x5a hal/src/hal_timer.o
 .comment       0x00000059       0x5a hal/src/hal_usart_sync.o
 .comment       0x00000059       0x5a hal/utils/src/utils_assert.o
 .comment       0x00000059       0x5a hal/utils/src/utils_list.o
 .comment       0x00000059       0x5a hal/utils/src/utils_ringbuffer.o
 .comment       0x00000059       0x5a hpl/adc/hpl_adc.o
 .comment       0x00000059       0x5a hpl/core/hpl_init.o
 .comment       0x00000059       0x5a hpl/dmac/hpl_dmac.o
 .comment       0x00000059       0x5a hpl/eic/hpl_eic.o
 .comment       0x00000059       0x5a hpl/gclk/evsys/hpl_evsys.o
 .comment       0x00000059       0x5a hpl/gclk/hpl_gclk.o
 .comment       0x00000059       0x5a hpl/mclk/hpl_mclk.o
 .comment       0x00000059       0x5a hpl/osc32kctrl/hpl_osc32kctrl.o
 .comment       0x00000059       0x5a hpl/oscctrl/hpl_oscctrl.o
 .comment       0x00000059       0x5a hpl/pm/hpl_pm.o
 .comment       0x00000059       0x5a hpl/rtc/rtc_lite.o
 .comment       0x00000059       0x5a hpl/sercom/hpl_sercom.o
 .comment       0x00000059       0x5a hpl/tc/hpl_tc.o
 .comment       0x00000059       0x5a hpl/trng/hpl_trng.o
 .comment       0x00000059       0x5a main.o
 .comment       0x00000059       0x5a trustzone/trustzone_manager.o
 .comment       0x00000059       0x5a trustzone/trustzone_veneer.o

.debug_info     0x00000000    0x348e6
 .debug_info    0x00000000     0x1183 atmel_start.o
 .debug_info    0x00001183      0x5f4 Device_Startup/startup_saml11e16a.o
 .debug_info    0x00001777     0x7517 driver_init.o
 .debug_info    0x00008c8e     0x13b6 hal/src/hal_adc_async.o
 .debug_info    0x0000a044      0x29c hal/src/hal_evsys.o
 .debug_info    0x0000a2e0      0x367 hal/src/hal_ext_irq.o
 .debug_info    0x0000a647      0x878 hal/src/hal_i2c_m_sync.o
 .debug_info    0x0000aebf      0x2b2 hal/src/hal_io.o
 .debug_info    0x0000b171      0x6da hal/src/hal_rand_sync.o
 .debug_info    0x0000b84b      0x9c9 hal/src/hal_spi_m_sync.o
 .debug_info    0x0000c214      0xbb7 hal/src/hal_timer.o
 .debug_info    0x0000cdcb      0xc56 hal/src/hal_usart_sync.o
 .debug_info    0x0000da21      0x107 hal/utils/src/utils_assert.o
 .debug_info    0x0000db28      0x310 hal/utils/src/utils_list.o
 .debug_info    0x0000de38      0x313 hal/utils/src/utils_ringbuffer.o
 .debug_info    0x0000e14b     0x3f62 hpl/adc/hpl_adc.o
 .debug_info    0x000120ad     0x122d hpl/core/hpl_init.o
 .debug_info    0x000132da     0x2b0b hpl/dmac/hpl_dmac.o
 .debug_info    0x00015de5     0x1ec3 hpl/eic/hpl_eic.o
 .debug_info    0x00017ca8     0x15f7 hpl/gclk/evsys/hpl_evsys.o
 .debug_info    0x0001929f      0x5d5 hpl/gclk/hpl_gclk.o
 .debug_info    0x00019874      0x6fa hpl/mclk/hpl_mclk.o
 .debug_info    0x00019f6e      0x6d5 hpl/osc32kctrl/hpl_osc32kctrl.o
 .debug_info    0x0001a643      0xf09 hpl/oscctrl/hpl_oscctrl.o
 .debug_info    0x0001b54c      0x781 hpl/pm/hpl_pm.o
 .debug_info    0x0001bccd     0x2a06 hpl/rtc/rtc_lite.o
 .debug_info    0x0001e6d3     0xb4b4 hpl/sercom/hpl_sercom.o
 .debug_info    0x00029b87     0x2ba7 hpl/tc/hpl_tc.o
 .debug_info    0x0002c72e      0x85c hpl/trng/hpl_trng.o
 .debug_info    0x0002cf8a     0x60f1 main.o
 .debug_info    0x0003307b       0xbe trustzone/trustzone_manager.o
 .debug_info    0x00033139     0x17ad trustzone/trustzone_veneer.o

.debug_abbrev   0x00000000     0x49f7
 .debug_abbrev  0x00000000      0x1e8 atmel_start.o
 .debug_abbrev  0x000001e8      0x14f Device_Startup/startup_saml11e16a.o
 .debug_abbrev  0x00000337      0x395 driver_init.o
 .debug_abbrev  0x000006cc      0x1ea hal/src/hal_adc_async.o
 .debug_abbrev  0x000008b6       0xcd hal/src/hal_evsys.o
 .debug_abbrev  0x00000983      0x173 hal/src/hal_ext_irq.o
 .debug_abbrev  0x00000af6      0x1a6 hal/src/hal_i2c_m_sync.o
 .debug_abbrev  0x00000c9c      0x115 hal/src/hal_io.o
 .debug_abbrev  0x00000db1      0x176 hal/src/hal_rand_sync.o
 .debug_abbrev  0x00000f27      0x1b1 hal/src/hal_spi_m_sync.o
 .debug_abbrev  0x000010d8      0x221 hal/src/hal_timer.o
 .debug_abbrev  0x000012f9      0x217 hal/src/hal_usart_sync.o
 .debug_abbrev  0x00001510       0x86 hal/utils/src/utils_assert.o
 .debug_abbrev  0x00001596      0x159 hal/utils/src/utils_list.o
 .debug_abbrev  0x000016ef      0x101 hal/utils/src/utils_ringbuffer.o
 .debug_abbrev  0x000017f0      0x503 hpl/adc/hpl_adc.o
 .debug_abbrev  0x00001cf3      0x1ce hpl/core/hpl_init.o
 .debug_abbrev  0x00001ec1      0x3e4 hpl/dmac/hpl_dmac.o
 .debug_abbrev  0x000022a5      0x44f hpl/eic/hpl_eic.o
 .debug_abbrev  0x000026f4      0x2a4 hpl/gclk/evsys/hpl_evsys.o
 .debug_abbrev  0x00002998      0x195 hpl/gclk/hpl_gclk.o
 .debug_abbrev  0x00002b2d      0x197 hpl/mclk/hpl_mclk.o
 .debug_abbrev  0x00002cc4      0x1e3 hpl/osc32kctrl/hpl_osc32kctrl.o
 .debug_abbrev  0x00002ea7      0x1ed hpl/oscctrl/hpl_oscctrl.o
 .debug_abbrev  0x00003094      0x23f hpl/pm/hpl_pm.o
 .debug_abbrev  0x000032d3      0x24d hpl/rtc/rtc_lite.o
 .debug_abbrev  0x00003520      0x5c9 hpl/sercom/hpl_sercom.o
 .debug_abbrev  0x00003ae9      0x4e0 hpl/tc/hpl_tc.o
 .debug_abbrev  0x00003fc9      0x262 hpl/trng/hpl_trng.o
 .debug_abbrev  0x0000422b      0x474 main.o
 .debug_abbrev  0x0000469f       0x71 trustzone/trustzone_manager.o
 .debug_abbrev  0x00004710      0x2e7 trustzone/trustzone_veneer.o

.debug_loc      0x00000000    0x12cef
 .debug_loc     0x00000000       0x20 atmel_start.o
 .debug_loc     0x00000020       0x40 Device_Startup/startup_saml11e16a.o
 .debug_loc     0x00000060     0x1238 driver_init.o
 .debug_loc     0x00001298     0x10cd hal/src/hal_adc_async.o
 .debug_loc     0x00002365      0x1c8 hal/src/hal_evsys.o
 .debug_loc     0x0000252d      0x31e hal/src/hal_ext_irq.o
 .debug_loc     0x0000284b      0x6df hal/src/hal_i2c_m_sync.o
 .debug_loc     0x00002f2a      0x18a hal/src/hal_io.o
 .debug_loc     0x000030b4      0x669 hal/src/hal_rand_sync.o
 .debug_loc     0x0000371d      0x700 hal/src/hal_spi_m_sync.o
 .debug_loc     0x00003e1d      0x761 hal/src/hal_timer.o
 .debug_loc     0x0000457e      0x9af hal/src/hal_usart_sync.o
 .debug_loc     0x00004f2d      0x271 hal/utils/src/utils_list.o
 .debug_loc     0x0000519e      0x2d1 hal/utils/src/utils_ringbuffer.o
 .debug_loc     0x0000546f     0x1f65 hpl/adc/hpl_adc.o
 .debug_loc     0x000073d4       0x64 hpl/core/hpl_init.o
 .debug_loc     0x00007438     0x10b5 hpl/dmac/hpl_dmac.o
 .debug_loc     0x000084ed      0x614 hpl/eic/hpl_eic.o
 .debug_loc     0x00008b01      0x3ea hpl/gclk/evsys/hpl_evsys.o
 .debug_loc     0x00008eeb      0x153 hpl/gclk/hpl_gclk.o
 .debug_loc     0x0000903e       0x2c hpl/mclk/hpl_mclk.o
 .debug_loc     0x0000906a       0x94 hpl/osc32kctrl/hpl_osc32kctrl.o
 .debug_loc     0x000090fe       0x30 hpl/oscctrl/hpl_oscctrl.o
 .debug_loc     0x0000912e      0x192 hpl/pm/hpl_pm.o
 .debug_loc     0x000092c0      0x1bb hpl/rtc/rtc_lite.o
 .debug_loc     0x0000947b     0x8113 hpl/sercom/hpl_sercom.o
 .debug_loc     0x0001158e      0xb67 hpl/tc/hpl_tc.o
 .debug_loc     0x000120f5      0x2de hpl/trng/hpl_trng.o
 .debug_loc     0x000123d3      0x611 main.o
 .debug_loc     0x000129e4      0x30b trustzone/trustzone_veneer.o

.debug_aranges  0x00000000      0xff8
 .debug_aranges
                0x00000000       0x20 atmel_start.o
 .debug_aranges
                0x00000020       0x28 Device_Startup/startup_saml11e16a.o
 .debug_aranges
                0x00000048       0x98 driver_init.o
 .debug_aranges
                0x000000e0       0xd0 hal/src/hal_adc_async.o
 .debug_aranges
                0x000001b0       0x50 hal/src/hal_evsys.o
 .debug_aranges
                0x00000200       0x50 hal/src/hal_ext_irq.o
 .debug_aranges
                0x00000250       0x88 hal/src/hal_i2c_m_sync.o
 .debug_aranges
                0x000002d8       0x30 hal/src/hal_io.o
 .debug_aranges
                0x00000308       0x70 hal/src/hal_rand_sync.o
 .debug_aranges
                0x00000378       0x88 hal/src/hal_spi_m_sync.o
 .debug_aranges
                0x00000400       0x70 hal/src/hal_timer.o
 .debug_aranges
                0x00000470       0xa8 hal/src/hal_usart_sync.o
 .debug_aranges
                0x00000518       0x20 hal/utils/src/utils_assert.o
 .debug_aranges
                0x00000538       0x48 hal/utils/src/utils_list.o
 .debug_aranges
                0x00000580       0x40 hal/utils/src/utils_ringbuffer.o
 .debug_aranges
                0x000005c0      0x1f8 hpl/adc/hpl_adc.o
 .debug_aranges
                0x000007b8       0x20 hpl/core/hpl_init.o
 .debug_aranges
                0x000007d8       0x90 hpl/dmac/hpl_dmac.o
 .debug_aranges
                0x00000868       0x38 hpl/eic/hpl_eic.o
 .debug_aranges
                0x000008a0       0x38 hpl/gclk/evsys/hpl_evsys.o
 .debug_aranges
                0x000008d8       0x28 hpl/gclk/hpl_gclk.o
 .debug_aranges
                0x00000900       0x20 hpl/mclk/hpl_mclk.o
 .debug_aranges
                0x00000920       0x20 hpl/osc32kctrl/hpl_osc32kctrl.o
 .debug_aranges
                0x00000940       0x28 hpl/oscctrl/hpl_oscctrl.o
 .debug_aranges
                0x00000968       0x30 hpl/pm/hpl_pm.o
 .debug_aranges
                0x00000998       0x20 hpl/rtc/rtc_lite.o
 .debug_aranges
                0x000009b8      0x4d8 hpl/sercom/hpl_sercom.o
 .debug_aranges
                0x00000e90       0x78 hpl/tc/hpl_tc.o
 .debug_aranges
                0x00000f08       0x48 hpl/trng/hpl_trng.o
 .debug_aranges
                0x00000f50       0x68 main.o
 .debug_aranges
                0x00000fb8       0x18 trustzone/trustzone_manager.o
 .debug_aranges
                0x00000fd0       0x28 trustzone/trustzone_veneer.o

.debug_ranges   0x00000000     0x1738
 .debug_ranges  0x00000000       0x10 atmel_start.o
 .debug_ranges  0x00000010       0x18 Device_Startup/startup_saml11e16a.o
 .debug_ranges  0x00000028       0x88 driver_init.o
 .debug_ranges  0x000000b0       0xc0 hal/src/hal_adc_async.o
 .debug_ranges  0x00000170       0x40 hal/src/hal_evsys.o
 .debug_ranges  0x000001b0       0x40 hal/src/hal_ext_irq.o
 .debug_ranges  0x000001f0       0x78 hal/src/hal_i2c_m_sync.o
 .debug_ranges  0x00000268       0x20 hal/src/hal_io.o
 .debug_ranges  0x00000288       0x78 hal/src/hal_rand_sync.o
 .debug_ranges  0x00000300       0x78 hal/src/hal_spi_m_sync.o
 .debug_ranges  0x00000378       0xa8 hal/src/hal_timer.o
 .debug_ranges  0x00000420       0x98 hal/src/hal_usart_sync.o
 .debug_ranges  0x000004b8       0x10 hal/utils/src/utils_assert.o
 .debug_ranges  0x000004c8       0x58 hal/utils/src/utils_list.o
 .debug_ranges  0x00000520       0x30 hal/utils/src/utils_ringbuffer.o
 .debug_ranges  0x00000550      0x218 hpl/adc/hpl_adc.o
 .debug_ranges  0x00000768       0x10 hpl/core/hpl_init.o
 .debug_ranges  0x00000778      0x1b0 hpl/dmac/hpl_dmac.o
 .debug_ranges  0x00000928       0x48 hpl/eic/hpl_eic.o
 .debug_ranges  0x00000970       0x58 hpl/gclk/evsys/hpl_evsys.o
 .debug_ranges  0x000009c8       0x18 hpl/gclk/hpl_gclk.o
 .debug_ranges  0x000009e0       0x10 hpl/mclk/hpl_mclk.o
 .debug_ranges  0x000009f0       0x10 hpl/osc32kctrl/hpl_osc32kctrl.o
 .debug_ranges  0x00000a00       0x30 hpl/oscctrl/hpl_oscctrl.o
 .debug_ranges  0x00000a30       0x20 hpl/pm/hpl_pm.o
 .debug_ranges  0x00000a50       0x10 hpl/rtc/rtc_lite.o
 .debug_ranges  0x00000a60      0xab8 hpl/sercom/hpl_sercom.o
 .debug_ranges  0x00001518       0x98 hpl/tc/hpl_tc.o
 .debug_ranges  0x000015b0       0x58 hpl/trng/hpl_trng.o
 .debug_ranges  0x00001608      0x118 main.o
 .debug_ranges  0x00001720       0x18 trustzone/trustzone_veneer.o

.debug_macro    0x00000000    0x1fb3f
 .debug_macro   0x00000000      0x689 atmel_start.o
 .debug_macro   0x00000689      0x8b6 atmel_start.o
 .debug_macro   0x00000f3f      0x16d atmel_start.o
 .debug_macro   0x000010ac       0x22 atmel_start.o
 .debug_macro   0x000010ce       0x87 atmel_start.o
 .debug_macro   0x00001155       0x51 atmel_start.o
 .debug_macro   0x000011a6       0xef atmel_start.o
 .debug_macro   0x00001295       0x6a atmel_start.o
 .debug_macro   0x000012ff      0x1df atmel_start.o
 .debug_macro   0x000014de       0x22 atmel_start.o
 .debug_macro   0x00001500       0xc9 atmel_start.o
 .debug_macro   0x000015c9       0x1c atmel_start.o
 .debug_macro   0x000015e5       0x22 atmel_start.o
 .debug_macro   0x00001607       0xb5 atmel_start.o
 .debug_macro   0x000016bc      0xaec atmel_start.o
 .debug_macro   0x000021a8       0x5e atmel_start.o
 .debug_macro   0x00002206      0x894 atmel_start.o
 .debug_macro   0x00002a9a      0xb83 atmel_start.o
 .debug_macro   0x0000361d      0x3e0 atmel_start.o
 .debug_macro   0x000039fd      0x373 atmel_start.o
 .debug_macro   0x00003d70      0xf2c atmel_start.o
 .debug_macro   0x00004c9c      0x834 atmel_start.o
 .debug_macro   0x000054d0      0x814 atmel_start.o
 .debug_macro   0x00005ce4      0xbf2 atmel_start.o
 .debug_macro   0x000068d6      0x20d atmel_start.o
 .debug_macro   0x00006ae3      0x2b1 atmel_start.o
 .debug_macro   0x00006d94      0x113 atmel_start.o
 .debug_macro   0x00006ea7      0x532 atmel_start.o
 .debug_macro   0x000073d9      0xfd0 atmel_start.o
 .debug_macro   0x000083a9      0x267 atmel_start.o
 .debug_macro   0x00008610      0xb82 atmel_start.o
 .debug_macro   0x00009192      0x370 atmel_start.o
 .debug_macro   0x00009502      0xe6d atmel_start.o
 .debug_macro   0x0000a36f      0x292 atmel_start.o
 .debug_macro   0x0000a601      0x5b7 atmel_start.o
 .debug_macro   0x0000abb8       0x1c atmel_start.o
 .debug_macro   0x0000abd4       0x9a atmel_start.o
 .debug_macro   0x0000ac6e     0x231e atmel_start.o
 .debug_macro   0x0000cf8c     0x15b1 atmel_start.o
 .debug_macro   0x0000e53d      0x9c1 atmel_start.o
 .debug_macro   0x0000eefe      0xbee atmel_start.o
 .debug_macro   0x0000faec      0x2b4 atmel_start.o
 .debug_macro   0x0000fda0      0x13d atmel_start.o
 .debug_macro   0x0000fedd      0x41d atmel_start.o
 .debug_macro   0x000102fa       0x88 atmel_start.o
 .debug_macro   0x00010382       0xb2 atmel_start.o
 .debug_macro   0x00010434       0x46 atmel_start.o
 .debug_macro   0x0001047a       0x5e atmel_start.o
 .debug_macro   0x000104d8       0xdc atmel_start.o
 .debug_macro   0x000105b4       0xe8 atmel_start.o
 .debug_macro   0x0001069c       0x94 atmel_start.o
 .debug_macro   0x00010730      0x2a2 atmel_start.o
 .debug_macro   0x000109d2       0x52 atmel_start.o
 .debug_macro   0x00010a24       0xf4 atmel_start.o
 .debug_macro   0x00010b18       0xbe atmel_start.o
 .debug_macro   0x00010bd6       0x52 atmel_start.o
 .debug_macro   0x00010c28       0xe2 atmel_start.o
 .debug_macro   0x00010d0a       0x3a atmel_start.o
 .debug_macro   0x00010d44       0xb8 atmel_start.o
 .debug_macro   0x00010dfc       0x4c atmel_start.o
 .debug_macro   0x00010e48       0x82 atmel_start.o
 .debug_macro   0x00010eca       0x46 atmel_start.o
 .debug_macro   0x00010f10       0xb8 atmel_start.o
 .debug_macro   0x00010fc8       0x34 atmel_start.o
 .debug_macro   0x00010ffc       0x22 atmel_start.o
 .debug_macro   0x0001101e      0x14b atmel_start.o
 .debug_macro   0x00011169      0x189 atmel_start.o
 .debug_macro   0x000112f2      0x189 atmel_start.o
 .debug_macro   0x0001147b      0x189 atmel_start.o
 .debug_macro   0x00011604       0x58 atmel_start.o
 .debug_macro   0x0001165c      0x11f atmel_start.o
 .debug_macro   0x0001177b      0x11f atmel_start.o
 .debug_macro   0x0001189a      0x11f atmel_start.o
 .debug_macro   0x000119b9      0x209 atmel_start.o
 .debug_macro   0x00011bc2       0x34 atmel_start.o
 .debug_macro   0x00011bf6       0x40 atmel_start.o
 .debug_macro   0x00011c36      0x384 atmel_start.o
 .debug_macro   0x00011fba     0x1884 atmel_start.o
 .debug_macro   0x0001383e      0x31b atmel_start.o
 .debug_macro   0x00013b59       0x10 atmel_start.o
 .debug_macro   0x00013b69       0x10 atmel_start.o
 .debug_macro   0x00013b79       0x16 atmel_start.o
 .debug_macro   0x00013b8f       0x16 atmel_start.o
 .debug_macro   0x00013ba5       0x16 atmel_start.o
 .debug_macro   0x00013bbb       0x16 atmel_start.o
 .debug_macro   0x00013bd1       0x16 atmel_start.o
 .debug_macro   0x00013be7       0x16 atmel_start.o
 .debug_macro   0x00013bfd       0x16 atmel_start.o
 .debug_macro   0x00013c13       0x16 atmel_start.o
 .debug_macro   0x00013c29       0x16 atmel_start.o
 .debug_macro   0x00013c3f       0x16 atmel_start.o
 .debug_macro   0x00013c55       0x16 atmel_start.o
 .debug_macro   0x00013c6b       0x16 atmel_start.o
 .debug_macro   0x00013c81       0x16 atmel_start.o
 .debug_macro   0x00013c97       0x16 atmel_start.o
 .debug_macro   0x00013cad       0x16 atmel_start.o
 .debug_macro   0x00013cc3       0x16 atmel_start.o
 .debug_macro   0x00013cd9       0x16 atmel_start.o
 .debug_macro   0x00013cef       0x16 atmel_start.o
 .debug_macro   0x00013d05       0x16 atmel_start.o
 .debug_macro   0x00013d1b       0x16 atmel_start.o
 .debug_macro   0x00013d31       0x16 atmel_start.o
 .debug_macro   0x00013d47       0x16 atmel_start.o
 .debug_macro   0x00013d5d       0x16 atmel_start.o
 .debug_macro   0x00013d73       0x16 atmel_start.o
 .debug_macro   0x00013d89       0x16 atmel_start.o
 .debug_macro   0x00013d9f       0xca atmel_start.o
 .debug_macro   0x00013e69       0x1c atmel_start.o
 .debug_macro   0x00013e85       0x16 atmel_start.o
 .debug_macro   0x00013e9b       0x10 atmel_start.o
 .debug_macro   0x00013eab       0x76 atmel_start.o
 .debug_macro   0x00013f21       0x40 atmel_start.o
 .debug_macro   0x00013f61       0xc9 atmel_start.o
 .debug_macro   0x0001402a       0x70 atmel_start.o
 .debug_macro   0x0001409a       0x64 atmel_start.o
 .debug_macro   0x000140fe      0x41b atmel_start.o
 .debug_macro   0x00014519      0x324 Device_Startup/startup_saml11e16a.o
 .debug_macro   0x0001483d       0xc3 Device_Startup/startup_saml11e16a.o
 .debug_macro   0x00014900      0x67b driver_init.o
 .debug_macro   0x00014f7b      0x103 driver_init.o
 .debug_macro   0x0001507e      0x4c7 hal/src/hal_adc_async.o
 .debug_macro   0x00015545      0x47e hal/src/hal_evsys.o
 .debug_macro   0x000159c3      0x484 hal/src/hal_ext_irq.o
 .debug_macro   0x00015e47      0x4a5 hal/src/hal_i2c_m_sync.o
 .debug_macro   0x000162ec       0x6a hal/src/hal_i2c_m_sync.o
 .debug_macro   0x00016356      0x47d hal/src/hal_io.o
 .debug_macro   0x000167d3      0x490 hal/src/hal_rand_sync.o
 .debug_macro   0x00016c63      0x4c0 hal/src/hal_spi_m_sync.o
 .debug_macro   0x00017123      0x4b0 hal/src/hal_timer.o
 .debug_macro   0x000175d3      0x4a4 hal/src/hal_usart_sync.o
 .debug_macro   0x00017a77      0x473 hal/utils/src/utils_assert.o
 .debug_macro   0x00017eea       0x10 hal/utils/src/utils_assert.o
 .debug_macro   0x00017efa      0x477 hal/utils/src/utils_list.o
 .debug_macro   0x00018371      0x477 hal/utils/src/utils_ringbuffer.o
 .debug_macro   0x000187e8      0x4d9 hpl/adc/hpl_adc.o
 .debug_macro   0x00018cc1      0x6cc hpl/adc/hpl_adc.o
 .debug_macro   0x0001938d      0x6ba hpl/adc/hpl_adc.o
 .debug_macro   0x00019a47       0xdf hpl/adc/hpl_adc.o
 .debug_macro   0x00019b26      0x4df hpl/core/hpl_init.o
 .debug_macro   0x0001a005       0x22 hpl/core/hpl_init.o
 .debug_macro   0x0001a027      0x3f2 hpl/core/hpl_init.o
 .debug_macro   0x0001a419      0x4ac hpl/dmac/hpl_dmac.o
 .debug_macro   0x0001a8c5      0x567 hpl/eic/hpl_eic.o
 .debug_macro   0x0001ae2c      0x1ca hpl/eic/hpl_eic.o
 .debug_macro   0x0001aff6      0x51e hpl/gclk/evsys/hpl_evsys.o
 .debug_macro   0x0001b514      0x33b hpl/gclk/evsys/hpl_evsys.o
 .debug_macro   0x0001b84f      0x486 hpl/gclk/hpl_gclk.o
 .debug_macro   0x0001bcd5      0x137 hpl/gclk/hpl_gclk.o
 .debug_macro   0x0001be0c      0x47c hpl/mclk/hpl_mclk.o
 .debug_macro   0x0001c288      0x477 hpl/osc32kctrl/hpl_osc32kctrl.o
 .debug_macro   0x0001c6ff       0x80 hpl/osc32kctrl/hpl_osc32kctrl.o
 .debug_macro   0x0001c77f      0x48f hpl/oscctrl/hpl_oscctrl.o
 .debug_macro   0x0001cc0e      0x145 hpl/oscctrl/hpl_oscctrl.o
 .debug_macro   0x0001cd53      0x482 hpl/pm/hpl_pm.o
 .debug_macro   0x0001d1d5      0x477 hpl/rtc/rtc_lite.o
 .debug_macro   0x0001d64c      0x6ae hpl/sercom/hpl_sercom.o
 .debug_macro   0x0001dcfa      0x1eb hpl/sercom/hpl_sercom.o
 .debug_macro   0x0001dee5       0x10 hpl/sercom/hpl_sercom.o
 .debug_macro   0x0001def5       0x1c hpl/sercom/hpl_sercom.o
 .debug_macro   0x0001df11       0x22 hpl/sercom/hpl_sercom.o
 .debug_macro   0x0001df33       0x10 hpl/sercom/hpl_sercom.o
 .debug_macro   0x0001df43      0x4e9 hpl/tc/hpl_tc.o
 .debug_macro   0x0001e42c       0x10 hpl/tc/hpl_tc.o
 .debug_macro   0x0001e43c       0x83 hpl/tc/hpl_tc.o
 .debug_macro   0x0001e4bf      0x484 hpl/trng/hpl_trng.o
 .debug_macro   0x0001e943       0x16 hpl/trng/hpl_trng.o
 .debug_macro   0x0001e959      0x6c3 main.o
 .debug_macro   0x0001f01c      0x48f trustzone/trustzone_manager.o
 .debug_macro   0x0001f4ab      0x694 trustzone/trustzone_veneer.o

.debug_line     0x00000000    0x17fd4
 .debug_line    0x00000000      0xc93 atmel_start.o
 .debug_line    0x00000c93      0x6fc Device_Startup/startup_saml11e16a.o
 .debug_line    0x0000138f      0xf0b driver_init.o
 .debug_line    0x0000229a      0xc5d hal/src/hal_adc_async.o
 .debug_line    0x00002ef7      0x9bc hal/src/hal_evsys.o
 .debug_line    0x000038b3      0x9f2 hal/src/hal_ext_irq.o
 .debug_line    0x000042a5      0xaa2 hal/src/hal_i2c_m_sync.o
 .debug_line    0x00004d47      0x99b hal/src/hal_io.o
 .debug_line    0x000056e2      0xa9d hal/src/hal_rand_sync.o
 .debug_line    0x0000617f      0xafc hal/src/hal_spi_m_sync.o
 .debug_line    0x00006c7b      0xb31 hal/src/hal_timer.o
 .debug_line    0x000077ac      0xb73 hal/src/hal_usart_sync.o
 .debug_line    0x0000831f      0x951 hal/utils/src/utils_assert.o
 .debug_line    0x00008c70      0x9e7 hal/utils/src/utils_list.o
 .debug_line    0x00009657      0x9f0 hal/utils/src/utils_ringbuffer.o
 .debug_line    0x0000a047     0x130e hpl/adc/hpl_adc.o
 .debug_line    0x0000b355      0xa26 hpl/core/hpl_init.o
 .debug_line    0x0000bd7b      0xdc3 hpl/dmac/hpl_dmac.o
 .debug_line    0x0000cb3e      0xb4e hpl/eic/hpl_eic.o
 .debug_line    0x0000d68c      0xa47 hpl/gclk/evsys/hpl_evsys.o
 .debug_line    0x0000e0d3      0x9b9 hpl/gclk/hpl_gclk.o
 .debug_line    0x0000ea8c      0x979 hpl/mclk/hpl_mclk.o
 .debug_line    0x0000f405      0x98e hpl/osc32kctrl/hpl_osc32kctrl.o
 .debug_line    0x0000fd93      0x9dd hpl/oscctrl/hpl_oscctrl.o
 .debug_line    0x00010770      0x9c3 hpl/pm/hpl_pm.o
 .debug_line    0x00011133      0x999 hpl/rtc/rtc_lite.o
 .debug_line    0x00011acc     0x2893 hpl/sercom/hpl_sercom.o
 .debug_line    0x0001435f      0xcb0 hpl/tc/hpl_tc.o
 .debug_line    0x0001500f      0xa53 hpl/trng/hpl_trng.o
 .debug_line    0x00015a62      0xeea main.o
 .debug_line    0x0001694c      0x96e trustzone/trustzone_manager.o
 .debug_line    0x000172ba      0xd1a trustzone/trustzone_veneer.o

.debug_str      0x00000000    0x9c99c
 .debug_str     0x00000000    0x83562 atmel_start.o
                              0x83bd2 (size before relaxing)
 .debug_str     0x00083562      0x519 Device_Startup/startup_saml11e16a.o
                              0x7f012 (size before relaxing)
 .debug_str     0x00083a7b     0x1bfb driver_init.o
                              0x82cff (size before relaxing)
 .debug_str     0x00085676      0x5f0 hal/src/hal_adc_async.o
                              0x809e3 (size before relaxing)
 .debug_str     0x00085c66       0xca hal/src/hal_evsys.o
                              0x7fc24 (size before relaxing)
 .debug_str     0x00085d30       0xbe hal/src/hal_ext_irq.o
                              0x7fc01 (size before relaxing)
 .debug_str     0x00085dee      0x15d hal/src/hal_i2c_m_sync.o
                              0x8043f (size before relaxing)
 .debug_str     0x00085f4b       0x2c hal/src/hal_io.o
                              0x7fbe9 (size before relaxing)
 .debug_str     0x00085f77      0x127 hal/src/hal_rand_sync.o
                              0x801b8 (size before relaxing)
 .debug_str     0x0008609e      0x2ef hal/src/hal_spi_m_sync.o
                              0x804d6 (size before relaxing)
 .debug_str     0x0008638d      0x2c3 hal/src/hal_timer.o
                              0x8047b (size before relaxing)
 .debug_str     0x00086650      0x49e hal/src/hal_usart_sync.o
                              0x80689 (size before relaxing)
 .debug_str     0x00086aee       0x2a hal/utils/src/utils_assert.o
                              0x7fb4c (size before relaxing)
 .debug_str     0x00086b18       0x31 hal/utils/src/utils_list.o
                              0x7fbf6 (size before relaxing)
 .debug_str     0x00086b49       0x24 hal/utils/src/utils_ringbuffer.o
                              0x7fbf2 (size before relaxing)
 .debug_str     0x00086b6d     0x6ef0 hpl/adc/hpl_adc.o
                              0x8737e (size before relaxing)
 .debug_str     0x0008da5d     0x10ad hpl/core/hpl_init.o
                              0x81614 (size before relaxing)
 .debug_str     0x0008eb0a      0xfe1 hpl/dmac/hpl_dmac.o
                              0x87794 (size before relaxing)
 .debug_str     0x0008faeb     0x3d1f hpl/eic/hpl_eic.o
                              0x8420a (size before relaxing)
 .debug_str     0x0009380a     0x16f0 hpl/gclk/evsys/hpl_evsys.o
                              0x86a10 (size before relaxing)
 .debug_str     0x00094efa      0x586 hpl/gclk/hpl_gclk.o
                              0x801c1 (size before relaxing)
 .debug_str     0x00095480       0x47 hpl/mclk/hpl_mclk.o
                              0x8042f (size before relaxing)
 .debug_str     0x000954c7      0x45d hpl/osc32kctrl/hpl_osc32kctrl.o
                              0x7ffa3 (size before relaxing)
 .debug_str     0x00095924      0x8a4 hpl/oscctrl/hpl_oscctrl.o
                              0x80bd8 (size before relaxing)
 .debug_str     0x000961c8      0x290 hpl/pm/hpl_pm.o
                              0x7fdfe (size before relaxing)
 .debug_str     0x00096458      0x70a hpl/rtc/rtc_lite.o
                              0x8034c (size before relaxing)
 .debug_str     0x00096b62     0x4b2f hpl/sercom/hpl_sercom.o
                              0x8672a (size before relaxing)
 .debug_str     0x0009b691      0xa8a hpl/tc/hpl_tc.o
                              0x81a7e (size before relaxing)
 .debug_str     0x0009c11b      0x16b hpl/trng/hpl_trng.o
                              0x7fe29 (size before relaxing)
 .debug_str     0x0009c286      0x56f main.o
                              0x8530a (size before relaxing)
 .debug_str     0x0009c7f5       0x2e trustzone/trustzone_manager.o
                              0x82699 (size before relaxing)
 .debug_str     0x0009c823      0x179 trustzone/trustzone_veneer.o
                              0x83eec (size before relaxing)

.debug_frame    0x00000000     0x2864
 .debug_frame   0x00000000       0x28 atmel_start.o
 .debug_frame   0x00000028       0x38 Device_Startup/startup_saml11e16a.o
 .debug_frame   0x00000060      0x184 driver_init.o
 .debug_frame   0x000001e4      0x2c0 hal/src/hal_adc_async.o
 .debug_frame   0x000004a4       0xb0 hal/src/hal_evsys.o
 .debug_frame   0x00000554       0xb4 hal/src/hal_ext_irq.o
 .debug_frame   0x00000608      0x164 hal/src/hal_i2c_m_sync.o
 .debug_frame   0x0000076c       0x58 hal/src/hal_io.o
 .debug_frame   0x000007c4      0x138 hal/src/hal_rand_sync.o
 .debug_frame   0x000008fc      0x188 hal/src/hal_spi_m_sync.o
 .debug_frame   0x00000a84      0x14c hal/src/hal_timer.o
 .debug_frame   0x00000bd0      0x200 hal/src/hal_usart_sync.o
 .debug_frame   0x00000dd0       0x20 hal/utils/src/utils_assert.o
 .debug_frame   0x00000df0       0x88 hal/utils/src/utils_list.o
 .debug_frame   0x00000e78       0x94 hal/utils/src/utils_ringbuffer.o
 .debug_frame   0x00000f0c      0x474 hpl/adc/hpl_adc.o
 .debug_frame   0x00001380       0x28 hpl/core/hpl_init.o
 .debug_frame   0x000013a8      0x180 hpl/dmac/hpl_dmac.o
 .debug_frame   0x00001528       0x68 hpl/eic/hpl_eic.o
 .debug_frame   0x00001590       0x5c hpl/gclk/evsys/hpl_evsys.o
 .debug_frame   0x000015ec       0x30 hpl/gclk/hpl_gclk.o
 .debug_frame   0x0000161c       0x20 hpl/mclk/hpl_mclk.o
 .debug_frame   0x0000163c       0x20 hpl/osc32kctrl/hpl_osc32kctrl.o
 .debug_frame   0x0000165c       0x30 hpl/oscctrl/hpl_oscctrl.o
 .debug_frame   0x0000168c       0x40 hpl/pm/hpl_pm.o
 .debug_frame   0x000016cc       0x20 hpl/rtc/rtc_lite.o
 .debug_frame   0x000016ec      0xe50 hpl/sercom/hpl_sercom.o
 .debug_frame   0x0000253c      0x100 hpl/tc/hpl_tc.o
 .debug_frame   0x0000263c       0xa8 hpl/trng/hpl_trng.o
 .debug_frame   0x000026e4       0xe4 main.o
 .debug_frame   0x000027c8       0x48 trustzone/trustzone_veneer.o
 .debug_frame   0x00002810       0x28 c:/program files (x86)/atmel/studio/7.0/toolchain/arm/arm-gnu-toolchain/bin/../lib/gcc/arm-none-eabi/6.3.1/thumb/v8-m.base\libgcc.a(_ffssi2.o)
 .debug_frame   0x00002838       0x2c c:/program files (x86)/atmel/studio/7.0/toolchain/arm/arm-gnu-toolchain/bin/../lib/gcc/arm-none-eabi/6.3.1/../../../../arm-none-eabi/lib/thumb/v8-m.base\libc_nano.a(lib_a-init.o)
