Archive member included to satisfy reference by file (symbol)

c:/program files (x86)/atmel/studio/7.0/toolchain/arm/arm-gnu-toolchain/bin/../lib/gcc/arm-none-eabi/6.3.1/thumb/v8-m.base\libgcc.a(_aeabi_uldivmod.o)
                              hpl/sercom/hpl_sercom.o (__aeabi_uldivmod)
c:/program files (x86)/atmel/studio/7.0/toolchain/arm/arm-gnu-toolchain/bin/../lib/gcc/arm-none-eabi/6.3.1/thumb/v8-m.base\libgcc.a(_muldi3.o)
                              hpl/sercom/hpl_sercom.o (__aeabi_lmul)
c:/program files (x86)/atmel/studio/7.0/toolchain/arm/arm-gnu-toolchain/bin/../lib/gcc/arm-none-eabi/6.3.1/thumb/v8-m.base\libgcc.a(_ffssi2.o)
                              hpl/eic/hpl_eic.o (__ffssi2)
c:/program files (x86)/atmel/studio/7.0/toolchain/arm/arm-gnu-toolchain/bin/../lib/gcc/arm-none-eabi/6.3.1/thumb/v8-m.base\libgcc.a(_fixunssfsi.o)
                              ADF7024.o (__aeabi_f2uiz)
c:/program files (x86)/atmel/studio/7.0/toolchain/arm/arm-gnu-toolchain/bin/../lib/gcc/arm-none-eabi/6.3.1/thumb/v8-m.base\libgcc.a(_fixunsdfsi.o)
                              hpl/sercom/hpl_sercom.o (__aeabi_d2uiz)
c:/program files (x86)/atmel/studio/7.0/toolchain/arm/arm-gnu-toolchain/bin/../lib/gcc/arm-none-eabi/6.3.1/thumb/v8-m.base\libgcc.a(_udivmoddi4.o)
                              c:/program files (x86)/atmel/studio/7.0/toolchain/arm/arm-gnu-toolchain/bin/../lib/gcc/arm-none-eabi/6.3.1/thumb/v8-m.base\libgcc.a(_aeabi_uldivmod.o) (__udivmoddi4)
c:/program files (x86)/atmel/studio/7.0/toolchain/arm/arm-gnu-toolchain/bin/../lib/gcc/arm-none-eabi/6.3.1/thumb/v8-m.base\libgcc.a(divsf3.o)
                              ADF7024.o (__aeabi_fdiv)
c:/program files (x86)/atmel/studio/7.0/toolchain/arm/arm-gnu-toolchain/bin/../lib/gcc/arm-none-eabi/6.3.1/thumb/v8-m.base\libgcc.a(mulsf3.o)
                              ADF7024.o (__aeabi_fmul)
c:/program files (x86)/atmel/studio/7.0/toolchain/arm/arm-gnu-toolchain/bin/../lib/gcc/arm-none-eabi/6.3.1/thumb/v8-m.base\libgcc.a(subsf3.o)
                              c:/program files (x86)/atmel/studio/7.0/toolchain/arm/arm-gnu-toolchain/bin/../lib/gcc/arm-none-eabi/6.3.1/thumb/v8-m.base\libgcc.a(_fixunssfsi.o) (__aeabi_fsub)
c:/program files (x86)/atmel/studio/7.0/toolchain/arm/arm-gnu-toolchain/bin/../lib/gcc/arm-none-eabi/6.3.1/thumb/v8-m.base\libgcc.a(fixsfsi.o)
                              c:/program files (x86)/atmel/studio/7.0/toolchain/arm/arm-gnu-toolchain/bin/../lib/gcc/arm-none-eabi/6.3.1/thumb/v8-m.base\libgcc.a(_fixunssfsi.o) (__aeabi_f2iz)
c:/program files (x86)/atmel/studio/7.0/toolchain/arm/arm-gnu-toolchain/bin/../lib/gcc/arm-none-eabi/6.3.1/thumb/v8-m.base\libgcc.a(floatunsisf.o)
                              ADF7024.o (__aeabi_ui2f)
c:/program files (x86)/atmel/studio/7.0/toolchain/arm/arm-gnu-toolchain/bin/../lib/gcc/arm-none-eabi/6.3.1/thumb/v8-m.base\libgcc.a(divdf3.o)
                              hpl/sercom/hpl_sercom.o (__aeabi_ddiv)
c:/program files (x86)/atmel/studio/7.0/toolchain/arm/arm-gnu-toolchain/bin/../lib/gcc/arm-none-eabi/6.3.1/thumb/v8-m.base\libgcc.a(muldf3.o)
                              hpl/sercom/hpl_sercom.o (__aeabi_dmul)
c:/program files (x86)/atmel/studio/7.0/toolchain/arm/arm-gnu-toolchain/bin/../lib/gcc/arm-none-eabi/6.3.1/thumb/v8-m.base\libgcc.a(subdf3.o)
                              hpl/sercom/hpl_sercom.o (__aeabi_dsub)
c:/program files (x86)/atmel/studio/7.0/toolchain/arm/arm-gnu-toolchain/bin/../lib/gcc/arm-none-eabi/6.3.1/thumb/v8-m.base\libgcc.a(fixdfsi.o)
                              c:/program files (x86)/atmel/studio/7.0/toolchain/arm/arm-gnu-toolchain/bin/../lib/gcc/arm-none-eabi/6.3.1/thumb/v8-m.base\libgcc.a(_fixunsdfsi.o) (__aeabi_d2iz)
c:/program files (x86)/atmel/studio/7.0/toolchain/arm/arm-gnu-toolchain/bin/../lib/gcc/arm-none-eabi/6.3.1/thumb/v8-m.base\libgcc.a(floatsidf.o)
                              hpl/sercom/hpl_sercom.o (__aeabi_i2d)
c:/program files (x86)/atmel/studio/7.0/toolchain/arm/arm-gnu-toolchain/bin/../lib/gcc/arm-none-eabi/6.3.1/thumb/v8-m.base\libgcc.a(floatunsidf.o)
                              hpl/sercom/hpl_sercom.o (__aeabi_ui2d)
c:/program files (x86)/atmel/studio/7.0/toolchain/arm/arm-gnu-toolchain/bin/../lib/gcc/arm-none-eabi/6.3.1/thumb/v8-m.base\libgcc.a(_dvmd_tls.o)
                              c:/program files (x86)/atmel/studio/7.0/toolchain/arm/arm-gnu-toolchain/bin/../lib/gcc/arm-none-eabi/6.3.1/thumb/v8-m.base\libgcc.a(_aeabi_uldivmod.o) (__aeabi_ldiv0)
c:/program files (x86)/atmel/studio/7.0/toolchain/arm/arm-gnu-toolchain/bin/../lib/gcc/arm-none-eabi/6.3.1/thumb/v8-m.base\libgcc.a(_arm_cmpdf2.o)
                              c:/program files (x86)/atmel/studio/7.0/toolchain/arm/arm-gnu-toolchain/bin/../lib/gcc/arm-none-eabi/6.3.1/thumb/v8-m.base\libgcc.a(_fixunsdfsi.o) (__aeabi_dcmpge)
c:/program files (x86)/atmel/studio/7.0/toolchain/arm/arm-gnu-toolchain/bin/../lib/gcc/arm-none-eabi/6.3.1/thumb/v8-m.base\libgcc.a(_arm_cmpsf2.o)
[...]
Memory Configuration

Name             Origin             Length             Attributes
rom              0x00000000         0x0000fb00         xr
rom_nsc          0x0000fb00         0x00000400         xr
ram              0x20000000         0x00003f80         xrw
userrow          0x00804000         0x00000100         rw
*default*        0x00000000         0xffffffff

Linker script and memory map

LOAD c:/program files (x86)/atmel/studio/7.0/toolchain/arm/arm-gnu-toolchain/bin/../lib/gcc/arm-none-eabi/6.3.1/thumb/v8-m.base/crti.o
LOAD c:/program files (x86)/atmel/studio/7.0/toolchain/arm/arm-gnu-toolchain/bin/../lib/gcc/arm-none-eabi/6.3.1/thumb/v8-m.base/crtbegin.o
LOAD c:/program files (x86)/atmel/studio/7.0/toolchain/arm/arm-gnu-toolchain/bin/../lib/gcc/arm-none-eabi/6.3.1/../../../../arm-none-eabi/lib/thumb/v8-m.base/crt0.o
LOAD ADF7024.o
LOAD atmel_start.o
LOAD Device_Startup/startup_saml11e16a.o
LOAD Device_Startup/system_saml11e16a.o
LOAD driver_init.o
LOAD examples/driver_examples.o
LOAD hal/src/hal_adc_async.o
LOAD hal/src/hal_atomic.o
LOAD hal/src/hal_delay.o
LOAD hal/src/hal_evsys.o
LOAD hal/src/hal_ext_irq.o
LOAD hal/src/hal_gpio.o
LOAD hal/src/hal_init.o
LOAD hal/src/hal_io.o
LOAD hal/src/hal_rand_sync.o
LOAD hal/src/hal_sleep.o
LOAD hal/src/hal_spi_m_sync.o
LOAD hal/src/hal_timer.o
LOAD hal/src/hal_usart_sync.o
LOAD hal/src/hal_wdt.o
LOAD hal/utils/src/utils_assert.o
LOAD hal/utils/src/utils_event.o
LOAD hal/utils/src/utils_list.o
LOAD hal/utils/src/utils_ringbuffer.o
LOAD hal/utils/src/utils_syscalls.o
LOAD hpl/adc/hpl_adc.o
LOAD hpl/core/hpl_core_m23_base.o
LOAD hpl/core/hpl_init.o
LOAD hpl/dmac/hpl_dmac.o
LOAD hpl/eic/hpl_eic.o
LOAD hpl/evsys/hpl_evsys.o
LOAD hpl/gclk/hpl_gclk.o
LOAD hpl/mclk/hpl_mclk.o
LOAD hpl/osc32kctrl/hpl_osc32kctrl.o
LOAD hpl/oscctrl/hpl_oscctrl.o
LOAD hpl/pm/hpl_pm.o
LOAD hpl/rtc/rtc_lite.o
LOAD hpl/sercom/hpl_sercom.o
LOAD hpl/tc/hpl_tc.o
LOAD hpl/trng/hpl_trng.o
LOAD hpl/wdt/hpl_wdt.o
LOAD main.o
LOAD saml11.o
LOAD trustzone/trustzone_manager.o
LOAD trustzone/trustzone_veneer.o
START GROUP
LOAD c:/program files (x86)/atmel/studio/7.0/toolchain/arm/arm-gnu-toolchain/bin/../lib/gcc/arm-none-eabi/6.3.1/../../../../arm-none-eabi/lib/thumb/v8-m.base\libm.a
END GROUP
START GROUP
LOAD c:/program files (x86)/atmel/studio/7.0/toolchain/arm/arm-gnu-toolchain/bin/../lib/gcc/arm-none-eabi/6.3.1/thumb/v8-m.base\libgcc.a
LOAD c:/program files (x86)/atmel/studio/7.0/toolchain/arm/arm-gnu-toolchain/bin/../lib/gcc/arm-none-eabi/6.3.1/../../../../arm-none-eabi/lib/thumb/v8-m.base\libc_nano.a
END GROUP
START GROUP
LOAD c:/program files (x86)/atmel/studio/7.0/toolchain/arm/arm-gnu-toolchain/bin/../lib/gcc/arm-none-eabi/6.3.1/thumb/v8-m.base\libgcc.a
LOAD c:/program files (x86)/atmel/studio/7.0/toolchain/arm/arm-gnu-toolchain/bin/../lib/gcc/arm-none-eabi/6.3.1/../../../../arm-none-eabi/lib/thumb/v8-m.base\libc_nano.a
END GROUP
LOAD c:/program files (x86)/atmel/studio/7.0/toolchain/arm/arm-gnu-toolchain/bin/../lib/gcc/arm-none-eabi/6.3.1/thumb/v8-m.base/crtend.o
LOAD c:/program files (x86)/atmel/studio/7.0/toolchain/arm/arm-gnu-toolchain/bin/../lib/gcc/arm-none-eabi/6.3.1/thumb/v8-m.base/crtn.o
                0x00000400                STACK_SIZE = DEFINED (STACK_SIZE)?STACK_SIZE:DEFINED (__stack_size__)?__stack_size__:0x400
                0x00000200                HEAP_SIZE = DEFINED (HEAP_SIZE)?HEAP_SIZE:DEFINED (__heap_size__)?__heap_size__:0x200

.text           0x00000000     0x2748
                0x00000000                . = ALIGN (0x4)
                0x00000000                _sfixed = .
 *(.vectors .vectors.*)
 .vectors       0x00000000       0xf4 Device_Startup/startup_saml11e16a.o
                0x00000000                exception_table
 *trustzone_veneer.o(.text.*)
 .text.nsc_periph_clock_init
                0x000000f4       0x32 trustzone/trustzone_veneer.o
                0x000000f4                __acle_se_nsc_periph_clock_init
 .text.nsc_ext_irq_init
                0x00000126       0xec trustzone/trustzone_veneer.o
                0x00000126                __acle_se_nsc_ext_irq_init
 *(.text .text.* .gnu.linkonce.t.*)
 *fill*         0x00000212        0x2 
 .text          0x00000214       0x6c c:/program files (x86)/atmel/studio/7.0/toolchain/arm/arm-gnu-toolchain/bin/../lib/gcc/arm-none-eabi/6.3.1/thumb/v8-m.base/crtbegin.o
 .text.ADF7024_WriteReadByte
                0x00000280       0x28 ADF7024.o
                0x00000280                ADF7024_WriteReadByte
 .text.ADF7024_GetStatus
                0x000002a8       0x1a ADF7024.o
                0x000002a8                ADF7024_GetStatus
 .text.ADF7024_SetCommand
                0x000002c2       0x10 ADF7024.o
                0x000002c2                ADF7024_SetCommand
 .text.ADF7024_SetRAM
                0x000002d2       0x3e ADF7024.o
                0x000002d2                ADF7024_SetRAM
 .text.ADF7024_Init
                0x00000310       0x88 ADF7024.o
                0x00000310                ADF7024_Init
 .text.atmel_start_init
                0x00000398       0x2c atmel_start.o
                0x00000398                atmel_start_init
 .text.Dummy_Handler
                0x000003c4        0x2 Device_Startup/startup_saml11e16a.o
                0x000003c4                SVCall_Handler
                0x000003c4                SERCOM0_2_Handler
                0x000003c4                EVSYS_0_Handler
                0x000003c4                TRNG_Handler
                0x000003c4                HardFault_Handler
                0x000003c4                TC2_Handler
                0x000003c4                AC_Handler
                0x000003c4                SysTick_Handler
                0x000003c4                PendSV_Handler
                0x000003c4                EVSYS_3_Handler
                0x000003c4                NonMaskableInt_Handler
                0x000003c4                SERCOM0_OTHER_Handler
                0x000003c4                EIC_3_Handler
                0x000003c4                SERCOM0_0_Handler
                0x000003c4                SERCOM1_OTHER_Handler
                0x000003c4                EVSYS_1_Handler
                0x000003c4                WDT_Handler
                0x000003c4                TRAM_Handler
                0x000003c4                EVSYS_NSCHK_Handler
                0x000003c4                TC1_Handler
                0x000003c4                DAC_EMPTY_Handler
                0x000003c4                PAC_Handler
                0x000003c4                EIC_0_Handler
                0x000003c4                Dummy_Handler
                0x000003c4                SERCOM0_1_Handler
                0x000003c4                SERCOM1_1_Handler
                0x000003c4                EIC_2_Handler
                0x000003c4                NVMCTRL_Handler
                0x000003c4                PORT_Handler
                0x000003c4                SYSTEM_Handler
                0x000003c4                SERCOM1_0_Handler
                0x000003c4                SERCOM2_1_Handler
                0x000003c4                SERCOM1_2_Handler
                0x000003c4                EIC_1_Handler
                0x000003c4                SERCOM2_2_Handler
                0x000003c4                PTC_Handler
                0x000003c4                EVSYS_2_Handler
                0x000003c4                SERCOM2_OTHER_Handler
                0x000003c4                FREQM_Handler
                0x000003c4                DAC_UNDERRUN_A_Handler
                0x000003c4                SERCOM2_0_Handler
 *fill*         0x000003c6        0x2 
 .text.Reset_Handler
                0x000003c8       0xc4 Device_Startup/startup_saml11e16a.o
                0x000003c8                Reset_Handler
 .text.ADC_0_init
                0x0000048c       0xae driver_init.o
                0x0000048c                ADC_0_init
 .text.RAND_0_CLOCK_init
                0x0000053a       0x14 driver_init.o
                0x0000053a                RAND_0_CLOCK_init
 .text.RAND_0_init
                0x0000054e       0x28 driver_init.o
                0x0000054e                RAND_0_init
 .text.RTC_CLOCK_init
                0x00000576       0x14 driver_init.o
                0x00000576                RTC_CLOCK_init
 .text.SPI_0_PORT_init
                0x0000058a      0x106 driver_init.o
                0x0000058a                SPI_0_PORT_init
 .text.SPI_0_CLOCK_init
                0x00000690       0x24 driver_init.o
                0x00000690                SPI_0_CLOCK_init
 .text.SPI_0_init
                0x000006b4       0x34 driver_init.o
                0x000006b4                SPI_0_init
 .text.USART_0_PORT_init
                0x000006e8       0x42 driver_init.o
                0x000006e8                USART_0_PORT_init
 .text.USART_0_CLOCK_init
                0x0000072a       0x26 driver_init.o
                0x0000072a                USART_0_CLOCK_init
 .text.USART_0_init
                0x00000750       0x34 driver_init.o
                0x00000750                USART_0_init
 .text.WDT_0_CLOCK_init
                0x00000784       0x14 driver_init.o
                0x00000784                WDT_0_CLOCK_init
 .text.WDT_0_init
                0x00000798       0x40 driver_init.o
                0x00000798                WDT_0_init
 .text.EVENT_SYSTEM_0_init
                0x000007d8       0x2c driver_init.o
                0x000007d8                EVENT_SYSTEM_0_init
 .text.EXTERNAL_IRQ_0_init
                0x00000804       0x78 driver_init.o
                0x00000804                EXTERNAL_IRQ_0_init
 .text.system_init
                0x0000087c       0xce driver_init.o
                0x0000087c                system_init
 .text.adc_async_window_threshold_reached
                0x0000094a        0xa hal/src/hal_adc_async.o
 .text.adc_async_error_occured
                0x00000954        0xa hal/src/hal_adc_async.o
 .text.adc_async_channel_conversion_done
                0x0000095e       0x66 hal/src/hal_adc_async.o
 .text.adc_async_init
                0x000009c4       0xb4 hal/src/hal_adc_async.o
                0x000009c4                adc_async_init
 .text.adc_async_register_channel_buffer
                0x00000a78       0xb2 hal/src/hal_adc_async.o
                0x00000a78                adc_async_register_channel_buffer
 .text.adc_async_start_conversion
                0x00000b2a       0x2e hal/src/hal_adc_async.o
                0x00000b2a                adc_async_start_conversion
 .text.event_system_init
                0x00000b58        0xe hal/src/hal_evsys.o
                0x00000b58                event_system_init
 .text.process_ext_irq
                0x00000b66       0x3c hal/src/hal_ext_irq.o
 .text.ext_irq_init
                0x00000ba2       0x28 hal/src/hal_ext_irq.o
                0x00000ba2                ext_irq_init
 .text.ext_irq_register
                0x00000bca       0x5c hal/src/hal_ext_irq.o
                0x00000bca                ext_irq_register
 .text.rand_sync_init
                0x00000c26       0x30 hal/src/hal_rand_sync.o
                0x00000c26                rand_sync_init
 *fill*         0x00000c56        0x2 
 .text.spi_m_sync_init
                0x00000c58       0x5c hal/src/hal_spi_m_sync.o
                0x00000c58                spi_m_sync_init
 .text.spi_m_sync_enable
                0x00000cb4       0x2c hal/src/hal_spi_m_sync.o
                0x00000cb4                spi_m_sync_enable
 .text.spi_m_sync_transfer
                0x00000ce0       0x4a hal/src/hal_spi_m_sync.o
                0x00000ce0                spi_m_sync_transfer
 .text._spi_m_sync_io_read
                0x00000d2a       0x40 hal/src/hal_spi_m_sync.o
                0x00000d2a                _spi_m_sync_io_read
 .text._spi_m_sync_io_write
                0x00000d6a       0x40 hal/src/hal_spi_m_sync.o
                0x00000d6a                _spi_m_sync_io_write
 .text.spi_m_sync_get_io_descriptor
                0x00000daa       0x30 hal/src/hal_spi_m_sync.o
                0x00000daa                spi_m_sync_get_io_descriptor
 .text.timer_add_timer_task
                0x00000dda       0x74 hal/src/hal_timer.o
 .text.timer_process_counted
                0x00000e4e       0x90 hal/src/hal_timer.o
 .text.timer_init
                0x00000ede       0x48 hal/src/hal_timer.o
                0x00000ede                timer_init
 .text.usart_sync_write
                0x00000f26       0x8a hal/src/hal_usart_sync.o
 .text.usart_sync_read
                0x00000fb0       0x6a hal/src/hal_usart_sync.o
 .text.usart_sync_init
                0x0000101a       0x50 hal/src/hal_usart_sync.o
                0x0000101a                usart_sync_init
 .text.assert   0x0000106a        0x6 hal/utils/src/utils_assert.o
                0x0000106a                assert
 .text.is_list_element
                0x00001070       0x20 hal/utils/src/utils_list.o
                0x00001070                is_list_element
 .text.list_insert_as_head
                0x00001090       0x32 hal/utils/src/utils_list.o
                0x00001090                list_insert_as_head
 .text.list_insert_after
                0x000010c2        0x8 hal/utils/src/utils_list.o
                0x000010c2                list_insert_after
 .text.list_remove_head
                0x000010ca        0xc hal/utils/src/utils_list.o
                0x000010ca                list_remove_head
 .text.ringbuffer_init
                0x000010d6       0x5e hal/utils/src/utils_ringbuffer.o
                0x000010d6                ringbuffer_init
 .text.ringbuffer_put
                0x00001134       0x42 hal/utils/src/utils_ringbuffer.o
                0x00001134                ringbuffer_put
 .text._adc_interrupt_handler
                0x00001176       0x40 hpl/adc/hpl_adc.o
 .text._adc_get_regs
                0x000011b6        0x4 hpl/adc/hpl_adc.o
 .text._adc_init
                0x000011ba      0x1bc hpl/adc/hpl_adc.o
 .text._adc_async_init
                0x00001376       0x88 hpl/adc/hpl_adc.o
                0x00001376                _adc_async_init
 .text._adc_async_get_data_size
                0x000013fe       0x12 hpl/adc/hpl_adc.o
                0x000013fe                _adc_async_get_data_size
 .text._adc_async_convert
                0x00001410       0x16 hpl/adc/hpl_adc.o
                0x00001410                _adc_async_convert
 .text.ADC_OTHER_Handler
                0x00001426       0x18 hpl/adc/hpl_adc.o
                0x00001426                ADC_OTHER_Handler
 .text.ADC_RESRDY_Handler
                0x0000143e       0x18 hpl/adc/hpl_adc.o
                0x0000143e                ADC_RESRDY_Handler
 .text._init_chip
                0x00001456       0x6a hpl/core/hpl_init.o
                0x00001456                _init_chip
 .text._dma_init
                0x000014c0      0x116 hpl/dmac/hpl_dmac.o
                0x000014c0                _dma_init
 .text.DMAC_0_Handler
                0x000015d6       0x72 hpl/dmac/hpl_dmac.o
                0x000015d6                DMAC_0_Handler
 .text.DMAC_1_Handler
                0x00001648       0x72 hpl/dmac/hpl_dmac.o
                0x00001648                DMAC_1_Handler
 .text.DMAC_2_Handler
                0x000016ba       0x72 hpl/dmac/hpl_dmac.o
                0x000016ba                DMAC_2_Handler
 .text.DMAC_3_Handler
                0x0000172c       0x72 hpl/dmac/hpl_dmac.o
                0x0000172c                DMAC_3_Handler
 .text.DMAC_OTHER_Handler
                0x0000179e       0x72 hpl/dmac/hpl_dmac.o
                0x0000179e                DMAC_OTHER_Handler
 .text._ext_irq_init
                0x00001810      0x108 hpl/eic/hpl_eic.o
                0x00001810                _ext_irq_init
 .text._ext_irq_enable
                0x00001918       0x2e hpl/eic/hpl_eic.o
                0x00001918                _ext_irq_enable
 .text.EIC_OTHER_Handler
                0x00001946       0xf6 hpl/eic/hpl_eic.o
                0x00001946                EIC_OTHER_Handler
 .text._event_system_init
                0x00001a3c       0x6a hpl/evsys/hpl_evsys.o
                0x00001a3c                _event_system_init
 .text._gclk_init_generators_by_fref
                0x00001aa6       0x4e hpl/gclk/hpl_gclk.o
                0x00001aa6                _gclk_init_generators_by_fref
 .text._mclk_init
                0x00001af4        0xe hpl/mclk/hpl_mclk.o
                0x00001af4                _mclk_init
 .text._osc32kctrl_init_sources
                0x00001b02       0x18 hpl/osc32kctrl/hpl_osc32kctrl.o
                0x00001b02                _osc32kctrl_init_sources
 .text._oscctrl_init_sources
                0x00001b1a       0x2e hpl/oscctrl/hpl_oscctrl.o
                0x00001b1a                _oscctrl_init_sources
 .text._oscctrl_init_referenced_generators
                0x00001b48        0x2 hpl/oscctrl/hpl_oscctrl.o
                0x00001b48                _oscctrl_init_referenced_generators
 .text._set_performance_level
                0x00001b4a       0x3a hpl/pm/hpl_pm.o
                0x00001b4a                _set_performance_level
 .text.RTC_init
                0x00001b84       0xfa hpl/rtc/rtc_lite.o
                0x00001b84                RTC_init
 .text._sercom_get_hardware_index
                0x00001c7e       0x3a hpl/sercom/hpl_sercom.o
 .text._spi_sync_enable
                0x00001cb8       0x20 hpl/sercom/hpl_sercom.o
 .text._usart_init
                0x00001cd8       0xa4 hpl/sercom/hpl_sercom.o
 .text._usart_sync_init
                0x00001d7c       0x30 hpl/sercom/hpl_sercom.o
                0x00001d7c                _usart_sync_init
 .text._usart_sync_write_byte
                0x00001dac        0x8 hpl/sercom/hpl_sercom.o
                0x00001dac                _usart_sync_write_byte
 .text._usart_sync_read_byte
                0x00001db4        0x8 hpl/sercom/hpl_sercom.o
                0x00001db4                _usart_sync_read_byte
 .text._usart_sync_is_ready_to_send
                0x00001dbc        0xa hpl/sercom/hpl_sercom.o
                0x00001dbc                _usart_sync_is_ready_to_send
 .text._usart_sync_is_transmit_done
                0x00001dc6        0xa hpl/sercom/hpl_sercom.o
                0x00001dc6                _usart_sync_is_transmit_done
 .text._usart_sync_is_byte_received
                0x00001dd0        0xa hpl/sercom/hpl_sercom.o
                0x00001dd0                _usart_sync_is_byte_received
 .text._spi_m_sync_init
                0x00001dda      0x128 hpl/sercom/hpl_sercom.o
                0x00001dda                _spi_m_sync_init
 .text._spi_m_sync_enable
                0x00001f02       0x36 hpl/sercom/hpl_sercom.o
                0x00001f02                _spi_m_sync_enable
 .text._spi_m_sync_trans
                0x00001f38      0x10e hpl/sercom/hpl_sercom.o
                0x00001f38                _spi_m_sync_trans
 .text.get_tc_index
                0x00002046       0x30 hpl/tc/hpl_tc.o
 .text._timer_init
                0x00002076      0x216 hpl/tc/hpl_tc.o
                0x00002076                _timer_init
 .text._tc_get_timer
                0x0000228c        0x4 hpl/tc/hpl_tc.o
                0x0000228c                _tc_get_timer
 .text.TC0_Handler
                0x00002290       0x20 hpl/tc/hpl_tc.o
                0x00002290                TC0_Handler
 .text._rand_sync_init
                0x000022b0       0x4e hpl/trng/hpl_trng.o
                0x000022b0                _rand_sync_init
 .text._wdt_init
                0x000022fe       0x70 hpl/wdt/hpl_wdt.o
                0x000022fe                _wdt_init
 .text.main     0x0000236e       0x1a main.o
                0x0000236e                main
 .text.button_on_PA27_used
                0x00002388        0xe saml11.o
 .text.RTC_Handler
                0x00002396       0x24 saml11.o
                0x00002396                RTC_Handler
 .text.EXTERNAL_IRQ_0_enable
                0x000023ba       0x18 saml11.o
                0x000023ba                EXTERNAL_IRQ_0_enable
 .text.ATSAML11E16A_init
                0x000023d2       0x50 saml11.o
                0x000023d2                ATSAML11E16A_init
 *fill*         0x00002422        0x2 
 .text          0x00002424       0x10 c:/program files (x86)/atmel/studio/7.0/toolchain/arm/arm-gnu-toolchain/bin/../lib/gcc/arm-none-eabi/6.3.1/thumb/v8-m.base\libgcc.a(_ffssi2.o)
                0x00002424                __ffssi2
 .text          0x00002434       0x40 c:/program files (x86)/atmel/studio/7.0/toolchain/arm/arm-gnu-toolchain/bin/../lib/gcc/arm-none-eabi/6.3.1/thumb/v8-m.base\libgcc.a(_ctzsi2.o)
                0x00002434                __ctzsi2
 .text.__libc_init_array
                0x00002474       0x50 c:/program files (x86)/atmel/studio/7.0/toolchain/arm/arm-gnu-toolchain/bin/../lib/gcc/arm-none-eabi/6.3.1/../../../../arm-none-eabi/lib/thumb/v8-m.base\libc_nano.a(lib_a-init.o)
                0x00002474                __libc_init_array
 .text.memcpy   0x000024c4       0x12 c:/program files (x86)/atmel/studio/7.0/toolchain/arm/arm-gnu-toolchain/bin/../lib/gcc/arm-none-eabi/6.3.1/../../../../arm-none-eabi/lib/thumb/v8-m.base\libc_nano.a(lib_a-memcpy-stub.o)
                0x000024c4                memcpy
 *(.glue_7t)
 .glue_7t       0x000024d6        0x0 linker stubs
 *(.glue_7)
 .glue_7        0x000024d6        0x0 linker stubs
 *(.rodata .rodata* .gnu.linkonce.r.*)
 *fill*         0x000024d6        0x2 
 .rodata.str1.4
                0x000024d8       0x19 driver_init.o
 *fill*         0x000024f1        0x3 
 .rodata.str1.4
                0x000024f4       0x1b hal/src/hal_adc_async.o
 *fill*         0x0000250f        0x1 
 .rodata.str1.4
                0x00002510       0x1b hal/src/hal_rand_sync.o
 *fill*         0x0000252b        0x1 
 .rodata.str1.4
                0x0000252c       0x1c hal/src/hal_spi_m_sync.o
 .rodata.str1.4
                0x00002548       0x17 hal/src/hal_timer.o
 *fill*         0x0000255f        0x1 
 .rodata.str1.4
                0x00002560       0x1c hal/src/hal_usart_sync.o
 .rodata.str1.4
                0x0000257c       0x1e hal/utils/src/utils_list.o
 *fill*         0x0000259a        0x2 
 .rodata.str1.4
                0x0000259c       0x24 hal/utils/src/utils_ringbuffer.o
 .rodata        0x000025c0       0x1c hpl/adc/hpl_adc.o
 .rodata.str1.4
                0x000025dc       0x15 hpl/adc/hpl_adc.o
 *fill*         0x000025f1        0x3 
 .rodata        0x000025f4       0x60 hpl/dmac/hpl_dmac.o
 .rodata        0x00002654        0x8 hpl/eic/hpl_eic.o
 .rodata.str1.4
                0x0000265c       0x15 hpl/eic/hpl_eic.o
 *fill*         0x00002671        0x3 
 .rodata        0x00002674       0x17 hpl/evsys/hpl_evsys.o
 *fill*         0x0000268b        0x1 
 .rodata        0x0000268c       0x24 hpl/sercom/hpl_sercom.o
 .rodata.str1.4
                0x000026b0       0x1b hpl/sercom/hpl_sercom.o
 *fill*         0x000026cb        0x1 
 .rodata        0x000026cc       0x18 hpl/tc/hpl_tc.o
 .rodata.str1.4
                0x000026e4       0x13 hpl/tc/hpl_tc.o
 *fill*         0x000026f7        0x1 
 .rodata.str1.4
                0x000026f8       0x17 hpl/trng/hpl_trng.o
 *fill*         0x0000270f        0x1 
 .rodata.str1.4
                0x00002710       0x18 hpl/wdt/hpl_wdt.o
                                 0x15 (size before relaxing)
 *(.ARM.extab* .gnu.linkonce.armextab.*)
                0x00002728                . = ALIGN (0x4)
 *(.init)
 .init          0x00002728        0x4 c:/program files (x86)/atmel/studio/7.0/toolchain/arm/arm-gnu-toolchain/bin/../lib/gcc/arm-none-eabi/6.3.1/thumb/v8-m.base/crti.o
                0x00002728                _init
 .init          0x0000272c        0x8 c:/program files (x86)/atmel/studio/7.0/toolchain/arm/arm-gnu-toolchain/bin/../lib/gcc/arm-none-eabi/6.3.1/thumb/v8-m.base/crtn.o
                0x00002734                . = ALIGN (0x4)
                0x00002734                __preinit_array_start = .
 *(.preinit_array)
                0x00002734                __preinit_array_end = .
                0x00002734                . = ALIGN (0x4)
                0x00002734                __init_array_start = .
 *(SORT(.init_array.*))
 *(.init_array)
 .init_array    0x00002734        0x4 c:/program files (x86)/atmel/studio/7.0/toolchain/arm/arm-gnu-toolchain/bin/../lib/gcc/arm-none-eabi/6.3.1/thumb/v8-m.base/crtbegin.o
                0x00002738                __init_array_end = .
                0x00002738                . = ALIGN (0x4)
 *crtbegin.o(.ctors)
 *(EXCLUDE_FILE(*crtend.o) .ctors)
 *(SORT(.ctors.*))
 *crtend.o(.ctors)
                0x00002738                . = ALIGN (0x4)
 *(.fini)
 .fini          0x00002738        0x4 c:/program files (x86)/atmel/studio/7.0/toolchain/arm/arm-gnu-toolchain/bin/../lib/gcc/arm-none-eabi/6.3.1/thumb/v8-m.base/crti.o
                0x00002738                _fini
 .fini          0x0000273c        0x8 c:/program files (x86)/atmel/studio/7.0/toolchain/arm/arm-gnu-toolchain/bin/../lib/gcc/arm-none-eabi/6.3.1/thumb/v8-m.base/crtn.o
                0x00002744                . = ALIGN (0x4)
                0x00002744                __fini_array_start = .
 *(.fini_array)
 .fini_array    0x00002744        0x4 c:/program files (x86)/atmel/studio/7.0/toolchain/arm/arm-gnu-toolchain/bin/../lib/gcc/arm-none-eabi/6.3.1/thumb/v8-m.base/crtbegin.o
 *(SORT(.fini_array.*))
                0x00002748                __fini_array_end = .
 *crtbegin.o(.dtors)
 *(EXCLUDE_FILE(*crtend.o) .dtors)
 *(SORT(.dtors.*))
 *crtend.o(.dtors)
                0x00002748                . = ALIGN (0x4)
                0x00002748                _efixed = .
                [!provide]                PROVIDE (__exidx_start, .)

.vfp11_veneer   0x00002748        0x0
 .vfp11_veneer  0x00002748        0x0 linker stubs

.v4_bx          0x00002748        0x0
 .v4_bx         0x00002748        0x0 linker stubs

.iplt           0x00002748        0x0
 .iplt          0x00002748        0x0 c:/program files (x86)/atmel/studio/7.0/toolchain/arm/arm-gnu-toolchain/bin/../lib/gcc/arm-none-eabi/6.3.1/thumb/v8-m.base/crtbegin.o

.rel.dyn        0x00002748        0x0
 .rel.iplt      0x00002748        0x0 c:/program files (x86)/atmel/studio/7.0/toolchain/arm/arm-gnu-toolchain/bin/../lib/gcc/arm-none-eabi/6.3.1/thumb/v8-m.base/crtbegin.o

.ARM.exidx
 *(.ARM.exidx* .gnu.linkonce.armexidx.*)
                [!provide]                PROVIDE (__exidx_end, .)
                0x00002748                . = ALIGN (0x4)
                0x00002748                _etext = .
                0x00002748                . = ALIGN (0x4)

.gnu.sgstubs    0x0000fb00       0x20
                0x0000fb00                _ssgstubs = .
 .gnu.sgstubs.__stub
                0x0000fb00       0x10 linker stubs
                0x0000fb00                nsc_ext_irq_init
                0x0000fb08                nsc_periph_clock_init

.relocate       0x20000000       0x18 load address 0x00002748
                0x20000000                . = ALIGN (0x4)
                0x20000000                _srelocate = .
 *(.ramfunc .ramfunc.*)
 *(.data .data.*)
 .data          0x20000000       0x18 ADF7024.o
                0x20000000                ADF7024_RDBDefault
                0x20000018                . = ALIGN (0x4)
                0x20000018                _erelocate = .

.bss            0x20000020      0x260 load address 0x00002770
                0x20000020                . = ALIGN (0x4)
                0x20000020                _sbss = .
                0x20000020                _szero = .
 *(.bss .bss.*)
 .bss           0x20000020       0x1c c:/program files (x86)/atmel/studio/7.0/toolchain/arm/arm-gnu-toolchain/bin/../lib/gcc/arm-none-eabi/6.3.1/thumb/v8-m.base/crtbegin.o
 .bss           0x2000003c       0x14 driver_init.o
 .bss           0x20000050        0x8 hal/src/hal_ext_irq.o
 .bss           0x20000058        0x4 hpl/adc/hpl_adc.o
 .bss           0x2000005c       0x60 hpl/dmac/hpl_dmac.o
 .bss           0x200000bc        0x4 hpl/eic/hpl_eic.o
 .bss           0x200000c0        0x4 hpl/tc/hpl_tc.o
 .bss           0x200000c4        0x8 saml11.o
                0x200000c4                SW0_flag
 *(COMMON)
 COMMON         0x200000cc       0x18 ADF7024.o
                0x200000cc                ADF7024_RDBCurrent
 COMMON         0x200000e4       0x90 driver_init.o
                0x200000e4                RAND_0
                0x200000ec                ADC_0
                0x20000118                WDT_0
                0x2000011c                ADC_0_ch
                0x20000134                SPI_0
                0x2000014c                USART_0
                0x20000158                TIMER_0
 *fill*         0x20000174        0xc 
 COMMON         0x20000180      0x100 hpl/dmac/hpl_dmac.o
                0x20000180                _descriptor_section
                0x20000200                _write_back_section
                0x20000280                . = ALIGN (0x4)
                0x20000280                _ebss = .
                0x20000280                _ezero = .

.heap           0x20000280      0x200 load address 0x000029d0
                0x20000280                . = ALIGN (0x8)
                0x20000280                _sheap = .
                0x20000480                . = (. + HEAP_SIZE)
 *fill*         0x20000280      0x200 
                0x20000480                . = ALIGN (0x8)
                0x20000480                _eheap = .

.stack          0x20000480      0x400 load address 0x00002bd0
                0x20000480                . = ALIGN (0x8)
                0x20000480                _sstack = .
                0x20000880                . = (. + STACK_SIZE)
 *fill*         0x20000480      0x400 
                0x20000880                . = ALIGN (0x8)
                0x20000880                _estack = .
                0x20000880                . = ALIGN (0x4)
                0x20000880                _end = .
                0x20003f7f                _ram_end_ = ((ORIGIN (ram) + LENGTH (ram)) - 0x1)

.userRowBlock   0x00804000       0x20
 *(.userrowsec)
 .userrowsec    0x00804000       0x20 trustzone/trustzone_manager.o
                0x00804000                nvm_user_row
OUTPUT(ATSAML11E16A.elf elf32-littlearm)

.eh_frame       0x00804020        0x0
 .eh_frame      0x00804020        0x0 c:/program files (x86)/atmel/studio/7.0/toolchain/arm/arm-gnu-toolchain/bin/../lib/gcc/arm-none-eabi/6.3.1/thumb/v8-m.base/crtbegin.o

.jcr            0x00804020        0x0
 .jcr           0x00804020        0x0 c:/program files (x86)/atmel/studio/7.0/toolchain/arm/arm-gnu-toolchain/bin/../lib/gcc/arm-none-eabi/6.3.1/thumb/v8-m.base/crtbegin.o

.igot.plt       0x00002748        0x0 load address 0x00804020
 .igot.plt      0x00002748        0x0 c:/program files (x86)/atmel/studio/7.0/toolchain/arm/arm-gnu-toolchain/bin/../lib/gcc/arm-none-eabi/6.3.1/thumb/v8-m.base/crtbegin.o

.ARM.attributes
                0x00000000       0x2c
 .ARM.attributes
                0x00000000       0x22 c:/program files (x86)/atmel/studio/7.0/toolchain/arm/arm-gnu-toolchain/bin/../lib/gcc/arm-none-eabi/6.3.1/thumb/v8-m.base/crti.o
 .ARM.attributes
                0x00000022       0x30 c:/program files (x86)/atmel/studio/7.0/toolchain/arm/arm-gnu-toolchain/bin/../lib/gcc/arm-none-eabi/6.3.1/thumb/v8-m.base/crtbegin.o
 .ARM.attributes
                0x00000052       0x32 ADF7024.o
 .ARM.attributes
                0x00000084       0x32 atmel_start.o
 .ARM.attributes
                0x000000b6       0x32 Device_Startup/startup_saml11e16a.o
 .ARM.attributes
                0x000000e8       0x32 driver_init.o
 .ARM.attributes
                0x0000011a       0x32 hal/src/hal_adc_async.o
 .ARM.attributes
                0x0000014c       0x32 hal/src/hal_evsys.o
 .ARM.attributes
                0x0000017e       0x32 hal/src/hal_ext_irq.o
 .ARM.attributes
                0x000001b0       0x32 hal/src/hal_rand_sync.o
 .ARM.attributes
                0x000001e2       0x32 hal/src/hal_spi_m_sync.o
 .ARM.attributes
                0x00000214       0x32 hal/src/hal_timer.o
 .ARM.attributes
                0x00000246       0x32 hal/src/hal_usart_sync.o
 .ARM.attributes
                0x00000278       0x32 hal/utils/src/utils_assert.o
 .ARM.attributes
                0x000002aa       0x32 hal/utils/src/utils_list.o
 .ARM.attributes
                0x000002dc       0x32 hal/utils/src/utils_ringbuffer.o
 .ARM.attributes
                0x0000030e       0x32 hpl/adc/hpl_adc.o
 .ARM.attributes
                0x00000340       0x32 hpl/core/hpl_init.o
 .ARM.attributes
                0x00000372       0x32 hpl/dmac/hpl_dmac.o
 .ARM.attributes
                0x000003a4       0x32 hpl/eic/hpl_eic.o
 .ARM.attributes
                0x000003d6       0x32 hpl/evsys/hpl_evsys.o
 .ARM.attributes
                0x00000408       0x32 hpl/gclk/hpl_gclk.o
 .ARM.attributes
                0x0000043a       0x32 hpl/mclk/hpl_mclk.o
 .ARM.attributes
                0x0000046c       0x32 hpl/osc32kctrl/hpl_osc32kctrl.o
 .ARM.attributes
                0x0000049e       0x32 hpl/oscctrl/hpl_oscctrl.o
 .ARM.attributes
                0x000004d0       0x32 hpl/pm/hpl_pm.o
 .ARM.attributes
                0x00000502       0x32 hpl/rtc/rtc_lite.o
 .ARM.attributes
                0x00000534       0x32 hpl/sercom/hpl_sercom.o
 .ARM.attributes
                0x00000566       0x32 hpl/tc/hpl_tc.o
 .ARM.attributes
                0x00000598       0x32 hpl/trng/hpl_trng.o
 .ARM.attributes
                0x000005ca       0x32 hpl/wdt/hpl_wdt.o
 .ARM.attributes
                0x000005fc       0x32 main.o
 .ARM.attributes
                0x0000062e       0x32 saml11.o
 .ARM.attributes
                0x00000660       0x32 trustzone/trustzone_manager.o
 .ARM.attributes
                0x00000692       0x32 trustzone/trustzone_veneer.o
 .ARM.attributes
                0x000006c4       0x30 c:/program files (x86)/atmel/studio/7.0/toolchain/arm/arm-gnu-toolchain/bin/../lib/gcc/arm-none-eabi/6.3.1/thumb/v8-m.base\libgcc.a(_ffssi2.o)
 .ARM.attributes
                0x000006f4       0x22 c:/program files (x86)/atmel/studio/7.0/toolchain/arm/arm-gnu-toolchain/bin/../lib/gcc/arm-none-eabi/6.3.1/thumb/v8-m.base\libgcc.a(_ctzsi2.o)
 .ARM.attributes
                0x00000716       0x30 c:/program files (x86)/atmel/studio/7.0/toolchain/arm/arm-gnu-toolchain/bin/../lib/gcc/arm-none-eabi/6.3.1/../../../../arm-none-eabi/lib/thumb/v8-m.base\libc_nano.a(lib_a-init.o)
 .ARM.attributes
                0x00000746       0x30 c:/program files (x86)/atmel/studio/7.0/toolchain/arm/arm-gnu-toolchain/bin/../lib/gcc/arm-none-eabi/6.3.1/../../../../arm-none-eabi/lib/thumb/v8-m.base\libc_nano.a(lib_a-memcpy-stub.o)
 .ARM.attributes
                0x00000776       0x22 c:/program files (x86)/atmel/studio/7.0/toolchain/arm/arm-gnu-toolchain/bin/../lib/gcc/arm-none-eabi/6.3.1/thumb/v8-m.base/crtn.o

.comment        0x00000000       0x59
 .comment       0x00000000       0x59 ADF7024.o
                                 0x5a (size before relaxing)
 .comment       0x00000059       0x5a atmel_start.o
 .comment       0x00000059       0x5a Device_Startup/startup_saml11e16a.o
 .comment       0x00000059       0x5a driver_init.o
 .comment       0x00000059       0x5a hal/src/hal_adc_async.o
 .comment       0x00000059       0x5a hal/src/hal_evsys.o
 .comment       0x00000059       0x5a hal/src/hal_ext_irq.o
 .comment       0x00000059       0x5a hal/src/hal_rand_sync.o
 .comment       0x00000059       0x5a hal/src/hal_spi_m_sync.o
 .comment       0x00000059       0x5a hal/src/hal_timer.o
 .comment       0x00000059       0x5a hal/src/hal_usart_sync.o
 .comment       0x00000059       0x5a hal/utils/src/utils_assert.o
 .comment       0x00000059       0x5a hal/utils/src/utils_list.o
 .comment       0x00000059       0x5a hal/utils/src/utils_ringbuffer.o
 .comment       0x00000059       0x5a hpl/adc/hpl_adc.o
 .comment       0x00000059       0x5a hpl/core/hpl_init.o
 .comment       0x00000059       0x5a hpl/dmac/hpl_dmac.o
 .comment       0x00000059       0x5a hpl/eic/hpl_eic.o
 .comment       0x00000059       0x5a hpl/evsys/hpl_evsys.o
 .comment       0x00000059       0x5a hpl/gclk/hpl_gclk.o
 .comment       0x00000059       0x5a hpl/mclk/hpl_mclk.o
 .comment       0x00000059       0x5a hpl/osc32kctrl/hpl_osc32kctrl.o
 .comment       0x00000059       0x5a hpl/oscctrl/hpl_oscctrl.o
 .comment       0x00000059       0x5a hpl/pm/hpl_pm.o
 .comment       0x00000059       0x5a hpl/rtc/rtc_lite.o
 .comment       0x00000059       0x5a hpl/sercom/hpl_sercom.o
 .comment       0x00000059       0x5a hpl/tc/hpl_tc.o
 .comment       0x00000059       0x5a hpl/trng/hpl_trng.o
 .comment       0x00000059       0x5a hpl/wdt/hpl_wdt.o
 .comment       0x00000059       0x5a main.o
 .comment       0x00000059       0x5a saml11.o
 .comment       0x00000059       0x5a trustzone/trustzone_manager.o
 .comment       0x00000059       0x5a trustzone/trustzone_veneer.o

.debug_info     0x00000000    0x32e24
 .debug_info    0x00000000      0xecc ADF7024.o
 .debug_info    0x00000ecc     0x10d9 atmel_start.o
 .debug_info    0x00001fa5      0x5f4 Device_Startup/startup_saml11e16a.o
 .debug_info    0x00002599     0x7778 driver_init.o
 .debug_info    0x00009d11     0x13b6 hal/src/hal_adc_async.o
 .debug_info    0x0000b0c7      0x29c hal/src/hal_evsys.o
 .debug_info    0x0000b363      0x367 hal/src/hal_ext_irq.o
 .debug_info    0x0000b6ca      0x6da hal/src/hal_rand_sync.o
 .debug_info    0x0000bda4      0x9cb hal/src/hal_spi_m_sync.o
 .debug_info    0x0000c76f      0xbb7 hal/src/hal_timer.o
 .debug_info    0x0000d326      0xc56 hal/src/hal_usart_sync.o
 .debug_info    0x0000df7c      0x107 hal/utils/src/utils_assert.o
 .debug_info    0x0000e083      0x310 hal/utils/src/utils_list.o
 .debug_info    0x0000e393      0x313 hal/utils/src/utils_ringbuffer.o
 .debug_info    0x0000e6a6     0x3f62 hpl/adc/hpl_adc.o
 .debug_info    0x00012608     0x122d hpl/core/hpl_init.o
 .debug_info    0x00013835     0x2b0b hpl/dmac/hpl_dmac.o
 .debug_info    0x00016340     0x1ed6 hpl/eic/hpl_eic.o
 .debug_info    0x00018216     0x15f7 hpl/evsys/hpl_evsys.o
 .debug_info    0x0001980d      0x5d5 hpl/gclk/hpl_gclk.o
 .debug_info    0x00019de2      0x6fa hpl/mclk/hpl_mclk.o
 .debug_info    0x0001a4dc      0x6d5 hpl/osc32kctrl/hpl_osc32kctrl.o
 .debug_info    0x0001abb1      0xf09 hpl/oscctrl/hpl_oscctrl.o
 .debug_info    0x0001baba      0x781 hpl/pm/hpl_pm.o
 .debug_info    0x0001c23b     0x2a06 hpl/rtc/rtc_lite.o
 .debug_info    0x0001ec41     0xb494 hpl/sercom/hpl_sercom.o
 .debug_info    0x0002a0d5     0x2ba7 hpl/tc/hpl_tc.o
 .debug_info    0x0002cc7c      0x85c hpl/trng/hpl_trng.o
 .debug_info    0x0002d4d8      0xcf1 hpl/wdt/hpl_wdt.o
 .debug_info    0x0002e1c9      0x6d8 main.o
 .debug_info    0x0002e8a1     0x2d99 saml11.o
 .debug_info    0x0003163a       0xbe trustzone/trustzone_manager.o
 .debug_info    0x000316f8     0x172c trustzone/trustzone_veneer.o

.debug_abbrev   0x00000000     0x4bc0
 .debug_abbrev  0x00000000      0x1d2 ADF7024.o
 .debug_abbrev  0x000001d2      0x1e8 atmel_start.o
 .debug_abbrev  0x000003ba      0x14f Device_Startup/startup_saml11e16a.o
 .debug_abbrev  0x00000509      0x3c4 driver_init.o
 .debug_abbrev  0x000008cd      0x1ea hal/src/hal_adc_async.o
 .debug_abbrev  0x00000ab7       0xcd hal/src/hal_evsys.o
 .debug_abbrev  0x00000b84      0x173 hal/src/hal_ext_irq.o
 .debug_abbrev  0x00000cf7      0x176 hal/src/hal_rand_sync.o
 .debug_abbrev  0x00000e6d      0x197 hal/src/hal_spi_m_sync.o
 .debug_abbrev  0x00001004      0x221 hal/src/hal_timer.o
 .debug_abbrev  0x00001225      0x217 hal/src/hal_usart_sync.o
 .debug_abbrev  0x0000143c       0x86 hal/utils/src/utils_assert.o
 .debug_abbrev  0x000014c2      0x159 hal/utils/src/utils_list.o
 .debug_abbrev  0x0000161b      0x101 hal/utils/src/utils_ringbuffer.o
 .debug_abbrev  0x0000171c      0x503 hpl/adc/hpl_adc.o
 .debug_abbrev  0x00001c1f      0x1ce hpl/core/hpl_init.o
 .debug_abbrev  0x00001ded      0x3e4 hpl/dmac/hpl_dmac.o
 .debug_abbrev  0x000021d1      0x44f hpl/eic/hpl_eic.o
 .debug_abbrev  0x00002620      0x2a4 hpl/evsys/hpl_evsys.o
 .debug_abbrev  0x000028c4      0x195 hpl/gclk/hpl_gclk.o
 .debug_abbrev  0x00002a59      0x197 hpl/mclk/hpl_mclk.o
 .debug_abbrev  0x00002bf0      0x1e3 hpl/osc32kctrl/hpl_osc32kctrl.o
 .debug_abbrev  0x00002dd3      0x1ed hpl/oscctrl/hpl_oscctrl.o
 .debug_abbrev  0x00002fc0      0x23f hpl/pm/hpl_pm.o
 .debug_abbrev  0x000031ff      0x24d hpl/rtc/rtc_lite.o
 .debug_abbrev  0x0000344c      0x5c9 hpl/sercom/hpl_sercom.o
 .debug_abbrev  0x00003a15      0x4e0 hpl/tc/hpl_tc.o
 .debug_abbrev  0x00003ef5      0x262 hpl/trng/hpl_trng.o
 .debug_abbrev  0x00004157      0x349 hpl/wdt/hpl_wdt.o
 .debug_abbrev  0x000044a0      0x10d main.o
 .debug_abbrev  0x000045ad      0x2bb saml11.o
 .debug_abbrev  0x00004868       0x71 trustzone/trustzone_manager.o
 .debug_abbrev  0x000048d9      0x2e7 trustzone/trustzone_veneer.o

.debug_loc      0x00000000    0x12c52
 .debug_loc     0x00000000      0x610 ADF7024.o
 .debug_loc     0x00000610       0x20 atmel_start.o
 .debug_loc     0x00000630       0x40 Device_Startup/startup_saml11e16a.o
 .debug_loc     0x00000670     0x11ce driver_init.o
 .debug_loc     0x0000183e     0x10cd hal/src/hal_adc_async.o
 .debug_loc     0x0000290b      0x1c8 hal/src/hal_evsys.o
 .debug_loc     0x00002ad3      0x31e hal/src/hal_ext_irq.o
 .debug_loc     0x00002df1      0x669 hal/src/hal_rand_sync.o
 .debug_loc     0x0000345a      0x700 hal/src/hal_spi_m_sync.o
 .debug_loc     0x00003b5a      0x761 hal/src/hal_timer.o
 .debug_loc     0x000042bb      0x9af hal/src/hal_usart_sync.o
 .debug_loc     0x00004c6a      0x271 hal/utils/src/utils_list.o
 .debug_loc     0x00004edb      0x2d1 hal/utils/src/utils_ringbuffer.o
 .debug_loc     0x000051ac     0x1f65 hpl/adc/hpl_adc.o
 .debug_loc     0x00007111       0x64 hpl/core/hpl_init.o
 .debug_loc     0x00007175     0x10b5 hpl/dmac/hpl_dmac.o
 .debug_loc     0x0000822a      0x614 hpl/eic/hpl_eic.o
 .debug_loc     0x0000883e      0x3ea hpl/evsys/hpl_evsys.o
 .debug_loc     0x00008c28      0x153 hpl/gclk/hpl_gclk.o
 .debug_loc     0x00008d7b       0x2c hpl/mclk/hpl_mclk.o
 .debug_loc     0x00008da7       0x94 hpl/osc32kctrl/hpl_osc32kctrl.o
 .debug_loc     0x00008e3b       0x30 hpl/oscctrl/hpl_oscctrl.o
 .debug_loc     0x00008e6b      0x192 hpl/pm/hpl_pm.o
 .debug_loc     0x00008ffd      0x1bb hpl/rtc/rtc_lite.o
 .debug_loc     0x000091b8     0x80bc hpl/sercom/hpl_sercom.o
 .debug_loc     0x00011274      0xb67 hpl/tc/hpl_tc.o
 .debug_loc     0x00011ddb      0x2de hpl/trng/hpl_trng.o
 .debug_loc     0x000120b9      0x7c1 hpl/wdt/hpl_wdt.o
 .debug_loc     0x0001287a       0x20 main.o
 .debug_loc     0x0001289a       0xad saml11.o
 .debug_loc     0x00012947      0x30b trustzone/trustzone_veneer.o

.debug_aranges  0x00000000      0xff0
 .debug_aranges
                0x00000000       0x78 ADF7024.o
 .debug_aranges
                0x00000078       0x20 atmel_start.o
 .debug_aranges
                0x00000098       0x28 Device_Startup/startup_saml11e16a.o
 .debug_aranges
                0x000000c0       0x90 driver_init.o
 .debug_aranges
                0x00000150       0xd0 hal/src/hal_adc_async.o
 .debug_aranges
                0x00000220       0x50 hal/src/hal_evsys.o
 .debug_aranges
                0x00000270       0x50 hal/src/hal_ext_irq.o
 .debug_aranges
                0x000002c0       0x70 hal/src/hal_rand_sync.o
 .debug_aranges
                0x00000330       0x88 hal/src/hal_spi_m_sync.o
 .debug_aranges
                0x000003b8       0x70 hal/src/hal_timer.o
 .debug_aranges
                0x00000428       0xa8 hal/src/hal_usart_sync.o
 .debug_aranges
                0x000004d0       0x20 hal/utils/src/utils_assert.o
 .debug_aranges
                0x000004f0       0x48 hal/utils/src/utils_list.o
 .debug_aranges
                0x00000538       0x40 hal/utils/src/utils_ringbuffer.o
 .debug_aranges
                0x00000578      0x1f8 hpl/adc/hpl_adc.o
 .debug_aranges
                0x00000770       0x20 hpl/core/hpl_init.o
 .debug_aranges
                0x00000790       0x90 hpl/dmac/hpl_dmac.o
 .debug_aranges
                0x00000820       0x38 hpl/eic/hpl_eic.o
 .debug_aranges
                0x00000858       0x38 hpl/evsys/hpl_evsys.o
 .debug_aranges
                0x00000890       0x28 hpl/gclk/hpl_gclk.o
 .debug_aranges
                0x000008b8       0x20 hpl/mclk/hpl_mclk.o
 .debug_aranges
                0x000008d8       0x20 hpl/osc32kctrl/hpl_osc32kctrl.o
 .debug_aranges
                0x000008f8       0x28 hpl/oscctrl/hpl_oscctrl.o
 .debug_aranges
                0x00000920       0x30 hpl/pm/hpl_pm.o
 .debug_aranges
                0x00000950       0x20 hpl/rtc/rtc_lite.o
 .debug_aranges
                0x00000970      0x4d8 hpl/sercom/hpl_sercom.o
 .debug_aranges
                0x00000e48       0x78 hpl/tc/hpl_tc.o
 .debug_aranges
                0x00000ec0       0x48 hpl/trng/hpl_trng.o
 .debug_aranges
                0x00000f08       0x50 hpl/wdt/hpl_wdt.o
 .debug_aranges
                0x00000f58       0x20 main.o
 .debug_aranges
                0x00000f78       0x38 saml11.o
 .debug_aranges
                0x00000fb0       0x18 trustzone/trustzone_manager.o
 .debug_aranges
                0x00000fc8       0x28 trustzone/trustzone_veneer.o

.debug_ranges   0x00000000     0x1660
 .debug_ranges  0x00000000       0x68 ADF7024.o
 .debug_ranges  0x00000068       0x10 atmel_start.o
 .debug_ranges  0x00000078       0x18 Device_Startup/startup_saml11e16a.o
 .debug_ranges  0x00000090       0x80 driver_init.o
 .debug_ranges  0x00000110       0xc0 hal/src/hal_adc_async.o
 .debug_ranges  0x000001d0       0x40 hal/src/hal_evsys.o
 .debug_ranges  0x00000210       0x40 hal/src/hal_ext_irq.o
 .debug_ranges  0x00000250       0x78 hal/src/hal_rand_sync.o
 .debug_ranges  0x000002c8       0x78 hal/src/hal_spi_m_sync.o
 .debug_ranges  0x00000340       0xa8 hal/src/hal_timer.o
 .debug_ranges  0x000003e8       0x98 hal/src/hal_usart_sync.o
 .debug_ranges  0x00000480       0x10 hal/utils/src/utils_assert.o
 .debug_ranges  0x00000490       0x58 hal/utils/src/utils_list.o
 .debug_ranges  0x000004e8       0x30 hal/utils/src/utils_ringbuffer.o
 .debug_ranges  0x00000518      0x218 hpl/adc/hpl_adc.o
 .debug_ranges  0x00000730       0x10 hpl/core/hpl_init.o
 .debug_ranges  0x00000740      0x1b0 hpl/dmac/hpl_dmac.o
 .debug_ranges  0x000008f0       0x48 hpl/eic/hpl_eic.o
 .debug_ranges  0x00000938       0x58 hpl/evsys/hpl_evsys.o
 .debug_ranges  0x00000990       0x18 hpl/gclk/hpl_gclk.o
 .debug_ranges  0x000009a8       0x10 hpl/mclk/hpl_mclk.o
 .debug_ranges  0x000009b8       0x10 hpl/osc32kctrl/hpl_osc32kctrl.o
 .debug_ranges  0x000009c8       0x30 hpl/oscctrl/hpl_oscctrl.o
 .debug_ranges  0x000009f8       0x20 hpl/pm/hpl_pm.o
 .debug_ranges  0x00000a18       0x10 hpl/rtc/rtc_lite.o
 .debug_ranges  0x00000a28      0xab8 hpl/sercom/hpl_sercom.o
 .debug_ranges  0x000014e0       0x98 hpl/tc/hpl_tc.o
 .debug_ranges  0x00001578       0x58 hpl/trng/hpl_trng.o
 .debug_ranges  0x000015d0       0x40 hpl/wdt/hpl_wdt.o
 .debug_ranges  0x00001610       0x10 main.o
 .debug_ranges  0x00001620       0x28 saml11.o
 .debug_ranges  0x00001648       0x18 trustzone/trustzone_veneer.o

.debug_macro    0x00000000    0x204ba
 .debug_macro   0x00000000      0x671 ADF7024.o
 .debug_macro   0x00000671      0x8b6 ADF7024.o
 .debug_macro   0x00000f27      0x1b6 ADF7024.o
 .debug_macro   0x000010dd      0x16d ADF7024.o
 .debug_macro   0x0000124a       0x22 ADF7024.o
 .debug_macro   0x0000126c       0x87 ADF7024.o
 .debug_macro   0x000012f3       0x51 ADF7024.o
 .debug_macro   0x00001344       0xef ADF7024.o
 .debug_macro   0x00001433       0x6a ADF7024.o
 .debug_macro   0x0000149d      0x1df ADF7024.o
 .debug_macro   0x0000167c       0x22 ADF7024.o
 .debug_macro   0x0000169e       0xde ADF7024.o
 .debug_macro   0x0000177c       0x1c ADF7024.o
 .debug_macro   0x00001798       0x22 ADF7024.o
 .debug_macro   0x000017ba       0xb5 ADF7024.o
 .debug_macro   0x0000186f      0xaec ADF7024.o
 .debug_macro   0x0000235b       0x5e ADF7024.o
 .debug_macro   0x000023b9      0x894 ADF7024.o
 .debug_macro   0x00002c4d      0xb83 ADF7024.o
 .debug_macro   0x000037d0      0x3e0 ADF7024.o
 .debug_macro   0x00003bb0      0x373 ADF7024.o
 .debug_macro   0x00003f23      0xf2c ADF7024.o
 .debug_macro   0x00004e4f      0x834 ADF7024.o
 .debug_macro   0x00005683      0x814 ADF7024.o
 .debug_macro   0x00005e97      0xbf2 ADF7024.o
 .debug_macro   0x00006a89      0x20d ADF7024.o
 .debug_macro   0x00006c96      0x2b1 ADF7024.o
 .debug_macro   0x00006f47      0x113 ADF7024.o
 .debug_macro   0x0000705a      0x532 ADF7024.o
 .debug_macro   0x0000758c      0xfd0 ADF7024.o
 .debug_macro   0x0000855c      0x267 ADF7024.o
 .debug_macro   0x000087c3      0xb82 ADF7024.o
 .debug_macro   0x00009345      0x370 ADF7024.o
 .debug_macro   0x000096b5      0xe6d ADF7024.o
 .debug_macro   0x0000a522      0x292 ADF7024.o
 .debug_macro   0x0000a7b4      0x5b7 ADF7024.o
 .debug_macro   0x0000ad6b       0x1c ADF7024.o
 .debug_macro   0x0000ad87       0x9a ADF7024.o
 .debug_macro   0x0000ae21     0x231e ADF7024.o
 .debug_macro   0x0000d13f     0x15b1 ADF7024.o
 .debug_macro   0x0000e6f0      0x9c1 ADF7024.o
 .debug_macro   0x0000f0b1      0xbee ADF7024.o
 .debug_macro   0x0000fc9f      0x2b4 ADF7024.o
 .debug_macro   0x0000ff53      0x13d ADF7024.o
 .debug_macro   0x00010090      0x41d ADF7024.o
 .debug_macro   0x000104ad       0x88 ADF7024.o
 .debug_macro   0x00010535       0xb2 ADF7024.o
 .debug_macro   0x000105e7       0x46 ADF7024.o
 .debug_macro   0x0001062d       0x5e ADF7024.o
 .debug_macro   0x0001068b       0xdc ADF7024.o
 .debug_macro   0x00010767       0xe8 ADF7024.o
 .debug_macro   0x0001084f       0x94 ADF7024.o
 .debug_macro   0x000108e3      0x2a2 ADF7024.o
 .debug_macro   0x00010b85       0x52 ADF7024.o
 .debug_macro   0x00010bd7       0xf4 ADF7024.o
 .debug_macro   0x00010ccb       0xbe ADF7024.o
 .debug_macro   0x00010d89       0x52 ADF7024.o
 .debug_macro   0x00010ddb       0xe2 ADF7024.o
 .debug_macro   0x00010ebd       0x3a ADF7024.o
 .debug_macro   0x00010ef7       0xb8 ADF7024.o
 .debug_macro   0x00010faf       0x4c ADF7024.o
 .debug_macro   0x00010ffb       0x82 ADF7024.o
 .debug_macro   0x0001107d       0x46 ADF7024.o
 .debug_macro   0x000110c3       0xb8 ADF7024.o
 .debug_macro   0x0001117b       0x34 ADF7024.o
 .debug_macro   0x000111af       0x22 ADF7024.o
 .debug_macro   0x000111d1      0x14b ADF7024.o
 .debug_macro   0x0001131c      0x189 ADF7024.o
 .debug_macro   0x000114a5      0x189 ADF7024.o
 .debug_macro   0x0001162e      0x189 ADF7024.o
 .debug_macro   0x000117b7       0x58 ADF7024.o
 .debug_macro   0x0001180f      0x11f ADF7024.o
 .debug_macro   0x0001192e      0x11f ADF7024.o
 .debug_macro   0x00011a4d      0x11f ADF7024.o
 .debug_macro   0x00011b6c      0x209 ADF7024.o
 .debug_macro   0x00011d75       0x34 ADF7024.o
 .debug_macro   0x00011da9       0x40 ADF7024.o
 .debug_macro   0x00011de9      0x38b ADF7024.o
 .debug_macro   0x00012174     0x1884 ADF7024.o
 .debug_macro   0x000139f8      0x31b ADF7024.o
 .debug_macro   0x00013d13       0x10 ADF7024.o
 .debug_macro   0x00013d23       0x10 ADF7024.o
 .debug_macro   0x00013d33       0x16 ADF7024.o
 .debug_macro   0x00013d49       0x16 ADF7024.o
 .debug_macro   0x00013d5f       0x16 ADF7024.o
 .debug_macro   0x00013d75       0x16 ADF7024.o
 .debug_macro   0x00013d8b       0x16 ADF7024.o
 .debug_macro   0x00013da1       0x16 ADF7024.o
 .debug_macro   0x00013db7       0x16 ADF7024.o
 .debug_macro   0x00013dcd       0x16 ADF7024.o
 .debug_macro   0x00013de3       0x16 ADF7024.o
 .debug_macro   0x00013df9       0x16 ADF7024.o
 .debug_macro   0x00013e0f       0x16 ADF7024.o
 .debug_macro   0x00013e25       0x16 ADF7024.o
 .debug_macro   0x00013e3b       0x16 ADF7024.o
 .debug_macro   0x00013e51       0x16 ADF7024.o
 .debug_macro   0x00013e67       0x16 ADF7024.o
 .debug_macro   0x00013e7d       0x16 ADF7024.o
 .debug_macro   0x00013e93       0x16 ADF7024.o
 .debug_macro   0x00013ea9       0x16 ADF7024.o
 .debug_macro   0x00013ebf       0x16 ADF7024.o
 .debug_macro   0x00013ed5       0x16 ADF7024.o
 .debug_macro   0x00013eeb       0x16 ADF7024.o
 .debug_macro   0x00013f01       0x16 ADF7024.o
 .debug_macro   0x00013f17       0x16 ADF7024.o
 .debug_macro   0x00013f2d       0x16 ADF7024.o
 .debug_macro   0x00013f43       0x16 ADF7024.o
 .debug_macro   0x00013f59       0xca ADF7024.o
 .debug_macro   0x00014023       0x1c ADF7024.o
 .debug_macro   0x0001403f       0x16 ADF7024.o
 .debug_macro   0x00014055       0x10 ADF7024.o
 .debug_macro   0x00014065       0x70 ADF7024.o
 .debug_macro   0x000140d5       0x40 ADF7024.o
 .debug_macro   0x00014115       0xc9 ADF7024.o
 .debug_macro   0x000141de      0x684 atmel_start.o
 .debug_macro   0x00014862       0x64 atmel_start.o
 .debug_macro   0x000148c6      0x41b atmel_start.o
 .debug_macro   0x00014ce1      0x324 Device_Startup/startup_saml11e16a.o
 .debug_macro   0x00015005       0xd8 Device_Startup/startup_saml11e16a.o
 .debug_macro   0x000150dd      0x675 driver_init.o
 .debug_macro   0x00015752       0xe7 driver_init.o
 .debug_macro   0x00015839      0x4c7 hal/src/hal_adc_async.o
 .debug_macro   0x00015d00      0x47e hal/src/hal_evsys.o
 .debug_macro   0x0001617e      0x484 hal/src/hal_ext_irq.o
 .debug_macro   0x00016602      0x490 hal/src/hal_rand_sync.o
 .debug_macro   0x00016a92      0x4c0 hal/src/hal_spi_m_sync.o
 .debug_macro   0x00016f52      0x4b0 hal/src/hal_timer.o
 .debug_macro   0x00017402      0x4a4 hal/src/hal_usart_sync.o
 .debug_macro   0x000178a6      0x473 hal/utils/src/utils_assert.o
 .debug_macro   0x00017d19       0x10 hal/utils/src/utils_assert.o
 .debug_macro   0x00017d29      0x477 hal/utils/src/utils_list.o
 .debug_macro   0x000181a0      0x477 hal/utils/src/utils_ringbuffer.o
 .debug_macro   0x00018617      0x4d9 hpl/adc/hpl_adc.o
 .debug_macro   0x00018af0      0x6cc hpl/adc/hpl_adc.o
 .debug_macro   0x000191bc      0x6ba hpl/adc/hpl_adc.o
 .debug_macro   0x00019876       0xdf hpl/adc/hpl_adc.o
 .debug_macro   0x00019955      0x4df hpl/core/hpl_init.o
 .debug_macro   0x00019e34       0x22 hpl/core/hpl_init.o
 .debug_macro   0x00019e56      0x3f2 hpl/core/hpl_init.o
 .debug_macro   0x0001a248      0x4ac hpl/dmac/hpl_dmac.o
 .debug_macro   0x0001a6f4      0x567 hpl/eic/hpl_eic.o
 .debug_macro   0x0001ac5b      0x1ca hpl/eic/hpl_eic.o
 .debug_macro   0x0001ae25      0x51e hpl/evsys/hpl_evsys.o
 .debug_macro   0x0001b343      0x33b hpl/evsys/hpl_evsys.o
 .debug_macro   0x0001b67e      0x486 hpl/gclk/hpl_gclk.o
 .debug_macro   0x0001bb04      0x137 hpl/gclk/hpl_gclk.o
 .debug_macro   0x0001bc3b      0x47c hpl/mclk/hpl_mclk.o
 .debug_macro   0x0001c0b7      0x477 hpl/osc32kctrl/hpl_osc32kctrl.o
 .debug_macro   0x0001c52e       0x80 hpl/osc32kctrl/hpl_osc32kctrl.o
 .debug_macro   0x0001c5ae      0x48f hpl/oscctrl/hpl_oscctrl.o
 .debug_macro   0x0001ca3d      0x145 hpl/oscctrl/hpl_oscctrl.o
 .debug_macro   0x0001cb82      0x482 hpl/pm/hpl_pm.o
 .debug_macro   0x0001d004      0x477 hpl/rtc/rtc_lite.o
 .debug_macro   0x0001d47b      0x6b5 hpl/sercom/hpl_sercom.o
 .debug_macro   0x0001db30       0x70 hpl/sercom/hpl_sercom.o
 .debug_macro   0x0001dba0      0x182 hpl/sercom/hpl_sercom.o
 .debug_macro   0x0001dd22       0x10 hpl/sercom/hpl_sercom.o
 .debug_macro   0x0001dd32       0x1c hpl/sercom/hpl_sercom.o
 .debug_macro   0x0001dd4e       0x22 hpl/sercom/hpl_sercom.o
 .debug_macro   0x0001dd70       0x10 hpl/sercom/hpl_sercom.o
 .debug_macro   0x0001dd80      0x4e9 hpl/tc/hpl_tc.o
 .debug_macro   0x0001e269       0x10 hpl/tc/hpl_tc.o
 .debug_macro   0x0001e279       0x83 hpl/tc/hpl_tc.o
 .debug_macro   0x0001e2fc      0x484 hpl/trng/hpl_trng.o
 .debug_macro   0x0001e780       0x16 hpl/trng/hpl_trng.o
 .debug_macro   0x0001e796      0x4d8 hpl/wdt/hpl_wdt.o
 .debug_macro   0x0001ec6e       0x1c hpl/wdt/hpl_wdt.o
 .debug_macro   0x0001ec8a      0x689 main.o
 .debug_macro   0x0001f313      0x689 saml11.o
 .debug_macro   0x0001f99c      0x48f trustzone/trustzone_manager.o
 .debug_macro   0x0001fe2b      0x68f trustzone/trustzone_veneer.o

.debug_line     0x00000000    0x18f4b
 .debug_line    0x00000000      0xd47 ADF7024.o
 .debug_line    0x00000d47      0xc89 atmel_start.o
 .debug_line    0x000019d0      0x700 Device_Startup/startup_saml11e16a.o
 .debug_line    0x000020d0      0xee3 driver_init.o
 .debug_line    0x00002fb3      0xc61 hal/src/hal_adc_async.o
 .debug_line    0x00003c14      0x9c0 hal/src/hal_evsys.o
 .debug_line    0x000045d4      0x9f6 hal/src/hal_ext_irq.o
 .debug_line    0x00004fca      0xaa1 hal/src/hal_rand_sync.o
 .debug_line    0x00005a6b      0xb00 hal/src/hal_spi_m_sync.o
 .debug_line    0x0000656b      0xb35 hal/src/hal_timer.o
 .debug_line    0x000070a0      0xb77 hal/src/hal_usart_sync.o
 .debug_line    0x00007c17      0x955 hal/utils/src/utils_assert.o
 .debug_line    0x0000856c      0x9eb hal/utils/src/utils_list.o
 .debug_line    0x00008f57      0x9f4 hal/utils/src/utils_ringbuffer.o
 .debug_line    0x0000994b     0x1312 hpl/adc/hpl_adc.o
 .debug_line    0x0000ac5d      0xa2a hpl/core/hpl_init.o
 .debug_line    0x0000b687      0xdc7 hpl/dmac/hpl_dmac.o
 .debug_line    0x0000c44e      0xb52 hpl/eic/hpl_eic.o
 .debug_line    0x0000cfa0      0xa46 hpl/evsys/hpl_evsys.o
 .debug_line    0x0000d9e6      0x9bd hpl/gclk/hpl_gclk.o
 .debug_line    0x0000e3a3      0x97d hpl/mclk/hpl_mclk.o
 .debug_line    0x0000ed20      0x992 hpl/osc32kctrl/hpl_osc32kctrl.o
 .debug_line    0x0000f6b2      0x9e1 hpl/oscctrl/hpl_oscctrl.o
 .debug_line    0x00010093      0x9c7 hpl/pm/hpl_pm.o
 .debug_line    0x00010a5a      0x99d hpl/rtc/rtc_lite.o
 .debug_line    0x000113f7     0x2894 hpl/sercom/hpl_sercom.o
 .debug_line    0x00013c8b      0xcb4 hpl/tc/hpl_tc.o
 .debug_line    0x0001493f      0xa57 hpl/trng/hpl_trng.o
 .debug_line    0x00015396      0xbd8 hpl/wdt/hpl_wdt.o
 .debug_line    0x00015f6e      0xc89 main.o
 .debug_line    0x00016bf7      0xcd2 saml11.o
 .debug_line    0x000178c9      0x972 trustzone/trustzone_manager.o
 .debug_line    0x0001823b      0xd10 trustzone/trustzone_veneer.o

.debug_str      0x00000000    0x9d01d
 .debug_str     0x00000000    0x810fb ADF7024.o
                              0x8171c (size before relaxing)
 .debug_str     0x000810fb     0x2e59 atmel_start.o
                              0x83a5f (size before relaxing)
 .debug_str     0x00083f54      0x519 Device_Startup/startup_saml11e16a.o
                              0x7f053 (size before relaxing)
 .debug_str     0x0008446d     0x1be3 driver_init.o
                              0x82b78 (size before relaxing)
 .debug_str     0x00086050      0x5e9 hal/src/hal_adc_async.o
                              0x80a24 (size before relaxing)
 .debug_str     0x00086639       0xca hal/src/hal_evsys.o
                              0x7fc65 (size before relaxing)
 .debug_str     0x00086703       0xbe hal/src/hal_ext_irq.o
                              0x7fc42 (size before relaxing)
 .debug_str     0x000867c1      0x127 hal/src/hal_rand_sync.o
                              0x801f9 (size before relaxing)
 .debug_str     0x000868e8      0x2db hal/src/hal_spi_m_sync.o
                              0x80517 (size before relaxing)
 .debug_str     0x00086bc3      0x2c3 hal/src/hal_timer.o
                              0x804bc (size before relaxing)
 .debug_str     0x00086e86      0x4a7 hal/src/hal_usart_sync.o
                              0x806ca (size before relaxing)
 .debug_str     0x0008732d       0x2a hal/utils/src/utils_assert.o
                              0x7fb8d (size before relaxing)
 .debug_str     0x00087357       0x31 hal/utils/src/utils_list.o
                              0x7fc37 (size before relaxing)
 .debug_str     0x00087388       0x24 hal/utils/src/utils_ringbuffer.o
                              0x7fc33 (size before relaxing)
 .debug_str     0x000873ac     0x6ef0 hpl/adc/hpl_adc.o
                              0x873bf (size before relaxing)
 .debug_str     0x0008e29c     0x10ad hpl/core/hpl_init.o
                              0x81599 (size before relaxing)
 .debug_str     0x0008f349      0xfe6 hpl/dmac/hpl_dmac.o
                              0x877d5 (size before relaxing)
 .debug_str     0x0009032f     0x3d1f hpl/eic/hpl_eic.o
                              0x84241 (size before relaxing)
 .debug_str     0x0009404e     0x16eb hpl/evsys/hpl_evsys.o
                              0x86a4c (size before relaxing)
 .debug_str     0x00095739      0x586 hpl/gclk/hpl_gclk.o
                              0x80202 (size before relaxing)
 .debug_str     0x00095cbf       0x47 hpl/mclk/hpl_mclk.o
                              0x803b4 (size before relaxing)
 .debug_str     0x00095d06      0x45d hpl/osc32kctrl/hpl_osc32kctrl.o
                              0x7ffe4 (size before relaxing)
 .debug_str     0x00096163      0x8a9 hpl/oscctrl/hpl_oscctrl.o
                              0x80b5d (size before relaxing)
 .debug_str     0x00096a0c      0x290 hpl/pm/hpl_pm.o
                              0x7fe3f (size before relaxing)
 .debug_str     0x00096c9c      0x70a hpl/rtc/rtc_lite.o
                              0x8038d (size before relaxing)
 .debug_str     0x000973a6     0x49e3 hpl/sercom/hpl_sercom.o
                              0x86354 (size before relaxing)
 .debug_str     0x0009bd89      0xa8a hpl/tc/hpl_tc.o
                              0x81a03 (size before relaxing)
 .debug_str     0x0009c813      0x16b hpl/trng/hpl_trng.o
                              0x7fe6a (size before relaxing)
 .debug_str     0x0009c97e      0x452 hpl/wdt/hpl_wdt.o
                              0x80131 (size before relaxing)
 .debug_str     0x0009cdd0       0x1e main.o
                              0x8377c (size before relaxing)
 .debug_str     0x0009cdee       0x81 saml11.o
                              0x83ec9 (size before relaxing)
 .debug_str     0x0009ce6f       0x2e trustzone/trustzone_manager.o
                              0x826da (size before relaxing)
 .debug_str     0x0009ce9d      0x180 trustzone/trustzone_veneer.o
                              0x83d79 (size before relaxing)

.debug_frame    0x00000000     0x2898
 .debug_frame   0x00000000      0x168 ADF7024.o
 .debug_frame   0x00000168       0x28 atmel_start.o
 .debug_frame   0x00000190       0x38 Device_Startup/startup_saml11e16a.o
 .debug_frame   0x000001c8      0x170 driver_init.o
 .debug_frame   0x00000338      0x2c0 hal/src/hal_adc_async.o
 .debug_frame   0x000005f8       0xb0 hal/src/hal_evsys.o
 .debug_frame   0x000006a8       0xb4 hal/src/hal_ext_irq.o
 .debug_frame   0x0000075c      0x138 hal/src/hal_rand_sync.o
 .debug_frame   0x00000894      0x188 hal/src/hal_spi_m_sync.o
 .debug_frame   0x00000a1c      0x14c hal/src/hal_timer.o
 .debug_frame   0x00000b68      0x200 hal/src/hal_usart_sync.o
 .debug_frame   0x00000d68       0x20 hal/utils/src/utils_assert.o
 .debug_frame   0x00000d88       0x88 hal/utils/src/utils_list.o
 .debug_frame   0x00000e10       0x94 hal/utils/src/utils_ringbuffer.o
 .debug_frame   0x00000ea4      0x474 hpl/adc/hpl_adc.o
 .debug_frame   0x00001318       0x28 hpl/core/hpl_init.o
 .debug_frame   0x00001340      0x180 hpl/dmac/hpl_dmac.o
 .debug_frame   0x000014c0       0x68 hpl/eic/hpl_eic.o
 .debug_frame   0x00001528       0x5c hpl/evsys/hpl_evsys.o
 .debug_frame   0x00001584       0x30 hpl/gclk/hpl_gclk.o
 .debug_frame   0x000015b4       0x20 hpl/mclk/hpl_mclk.o
 .debug_frame   0x000015d4       0x20 hpl/osc32kctrl/hpl_osc32kctrl.o
 .debug_frame   0x000015f4       0x30 hpl/oscctrl/hpl_oscctrl.o
 .debug_frame   0x00001624       0x40 hpl/pm/hpl_pm.o
 .debug_frame   0x00001664       0x20 hpl/rtc/rtc_lite.o
 .debug_frame   0x00001684      0xe50 hpl/sercom/hpl_sercom.o
 .debug_frame   0x000024d4      0x100 hpl/tc/hpl_tc.o
 .debug_frame   0x000025d4       0xa8 hpl/trng/hpl_trng.o
 .debug_frame   0x0000267c       0xc4 hpl/wdt/hpl_wdt.o
 .debug_frame   0x00002740       0x28 main.o
 .debug_frame   0x00002768       0x6c saml11.o
 .debug_frame   0x000027d4       0x48 trustzone/trustzone_veneer.o
 .debug_frame   0x0000281c       0x28 c:/program files (x86)/atmel/studio/7.0/toolchain/arm/arm-gnu-toolchain/bin/../lib/gcc/arm-none-eabi/6.3.1/thumb/v8-m.base\libgcc.a(_ffssi2.o)
 .debug_frame   0x00002844       0x2c c:/program files (x86)/atmel/studio/7.0/toolchain/arm/arm-gnu-toolchain/bin/../lib/gcc/arm-none-eabi/6.3.1/../../../../arm-none-eabi/lib/thumb/v8-m.base\libc_nano.a(lib_a-init.o)
 .debug_frame   0x00002870       0x28 c:/program files (x86)/atmel/studio/7.0/toolchain/arm/arm-gnu-toolchain/bin/../lib/gcc/arm-none-eabi/6.3.1/../../../../arm-none-eabi/lib/thumb/v8-m.base\libc_nano.a(lib_a-memcpy-stub.o)
